Archive member included to satisfy reference by file (symbol)

c:/program files (x86)/atmel/studio/7.0/toolchain/avr8/avr8-gnu-toolchain/bin/../lib/gcc/avr/5.4.0/../../../../avr/lib/avr51\libm.a(addsf3.o)
                              Library/function.o (__subsf3)
c:/program files (x86)/atmel/studio/7.0/toolchain/avr8/avr8-gnu-toolchain/bin/../lib/gcc/avr/5.4.0/../../../../avr/lib/avr51\libm.a(addsf3x.o)
                              c:/program files (x86)/atmel/studio/7.0/toolchain/avr8/avr8-gnu-toolchain/bin/../lib/gcc/avr/5.4.0/../../../../avr/lib/avr51\libm.a(addsf3.o) (__addsf3x)
c:/program files (x86)/atmel/studio/7.0/toolchain/avr8/avr8-gnu-toolchain/bin/../lib/gcc/avr/5.4.0/../../../../avr/lib/avr51\libm.a(cmpsf2.o)
                              Library/function.o (__ltsf2)
c:/program files (x86)/atmel/studio/7.0/toolchain/avr8/avr8-gnu-toolchain/bin/../lib/gcc/avr/5.4.0/../../../../avr/lib/avr51\libm.a(divsf3.o)
                              Library/znpid.o (__divsf3)
c:/program files (x86)/atmel/studio/7.0/toolchain/avr8/avr8-gnu-toolchain/bin/../lib/gcc/avr/5.4.0/../../../../avr/lib/avr51\libm.a(divsf3x.o)
                              c:/program files (x86)/atmel/studio/7.0/toolchain/avr8/avr8-gnu-toolchain/bin/../lib/gcc/avr/5.4.0/../../../../avr/lib/avr51\libm.a(divsf3.o) (__divsf3x)
c:/program files (x86)/atmel/studio/7.0/toolchain/avr8/avr8-gnu-toolchain/bin/../lib/gcc/avr/5.4.0/../../../../avr/lib/avr51\libm.a(fixsfsi.o)
                              Library/function.o (__fixsfsi)
c:/program files (x86)/atmel/studio/7.0/toolchain/avr8/avr8-gnu-toolchain/bin/../lib/gcc/avr/5.4.0/../../../../avr/lib/avr51\libm.a(fixunssfsi.o)
                              Library/function.o (__fixunssfsi)
c:/program files (x86)/atmel/studio/7.0/toolchain/avr8/avr8-gnu-toolchain/bin/../lib/gcc/avr/5.4.0/../../../../avr/lib/avr51\libm.a(floatsisf.o)
                              Library/function.o (__floatunsisf)
c:/program files (x86)/atmel/studio/7.0/toolchain/avr8/avr8-gnu-toolchain/bin/../lib/gcc/avr/5.4.0/../../../../avr/lib/avr51\libm.a(fp_cmp.o)
                              c:/program files (x86)/atmel/studio/7.0/toolchain/avr8/avr8-gnu-toolchain/bin/../lib/gcc/avr/5.4.0/../../../../avr/lib/avr51\libm.a(cmpsf2.o) (__fp_cmp)
c:/program files (x86)/atmel/studio/7.0/toolchain/avr8/avr8-gnu-toolchain/bin/../lib/gcc/avr/5.4.0/../../../../avr/lib/avr51\libm.a(fp_inf.o)
                              c:/program files (x86)/atmel/studio/7.0/toolchain/avr8/avr8-gnu-toolchain/bin/../lib/gcc/avr/5.4.0/../../../../avr/lib/avr51\libm.a(addsf3x.o) (__fp_inf)
c:/program files (x86)/atmel/studio/7.0/toolchain/avr8/avr8-gnu-toolchain/bin/../lib/gcc/avr/5.4.0/../../../../avr/lib/avr51\libm.a(fp_nan.o)
                              c:/program files (x86)/atmel/studio/7.0/toolchain/avr8/avr8-gnu-toolchain/bin/../lib/gcc/avr/5.4.0/../../../../avr/lib/avr51\libm.a(addsf3x.o) (__fp_nan)
c:/program files (x86)/atmel/studio/7.0/toolchain/avr8/avr8-gnu-toolchain/bin/../lib/gcc/avr/5.4.0/../../../../avr/lib/avr51\libm.a(fp_pscA.o)
                              c:/program files (x86)/atmel/studio/7.0/toolchain/avr8/avr8-gnu-toolchain/bin/../lib/gcc/avr/5.4.0/../../../../avr/lib/avr51\libm.a(addsf3x.o) (__fp_pscA)
c:/program files (x86)/atmel/studio/7.0/toolchain/avr8/avr8-gnu-toolchain/bin/../lib/gcc/avr/5.4.0/../../../../avr/lib/avr51\libm.a(fp_pscB.o)
                              c:/program files (x86)/atmel/studio/7.0/toolchain/avr8/avr8-gnu-toolchain/bin/../lib/gcc/avr/5.4.0/../../../../avr/lib/avr51\libm.a(addsf3x.o) (__fp_pscB)
c:/program files (x86)/atmel/studio/7.0/toolchain/avr8/avr8-gnu-toolchain/bin/../lib/gcc/avr/5.4.0/../../../../avr/lib/avr51\libm.a(fp_round.o)
                              c:/program files (x86)/atmel/studio/7.0/toolchain/avr8/avr8-gnu-toolchain/bin/../lib/gcc/avr/5.4.0/../../../../avr/lib/avr51\libm.a(addsf3.o) (__fp_round)
c:/program files (x86)/atmel/studio/7.0/toolchain/avr8/avr8-gnu-toolchain/bin/../lib/gcc/avr/5.4.0/../../../../avr/lib/avr51\libm.a(fp_split3.o)
                              c:/program files (x86)/atmel/studio/7.0/toolchain/avr8/avr8-gnu-toolchain/bin/../lib/gcc/avr/5.4.0/../../../../avr/lib/avr51\libm.a(addsf3x.o) (__fp_split3)
c:/program files (x86)/atmel/studio/7.0/toolchain/avr8/avr8-gnu-toolchain/bin/../lib/gcc/avr/5.4.0/../../../../avr/lib/avr51\libm.a(fp_zero.o)
                              c:/program files (x86)/atmel/studio/7.0/toolchain/avr8/avr8-gnu-toolchain/bin/../lib/gcc/avr/5.4.0/../../../../avr/lib/avr51\libm.a(addsf3x.o) (__fp_zero)
c:/program files (x86)/atmel/studio/7.0/toolchain/avr8/avr8-gnu-toolchain/bin/../lib/gcc/avr/5.4.0/../../../../avr/lib/avr51\libm.a(gesf2.o)
                              Library/znpid.o (__gtsf2)
c:/program files (x86)/atmel/studio/7.0/toolchain/avr8/avr8-gnu-toolchain/bin/../lib/gcc/avr/5.4.0/../../../../avr/lib/avr51\libm.a(mulsf3.o)
                              Library/function.o (__mulsf3)
[...]
Memory Configuration

Name             Origin             Length             Attributes
text             0x00000000         0x00020000         xr
data             0x00800100         0x0000ff00         rw !x
eeprom           0x00810000         0x00010000         rw !x
fuse             0x00820000         0x00000003         rw !x
lock             0x00830000         0x00000400         rw !x
signature        0x00840000         0x00000400         rw !x
user_signatures  0x00850000         0x00000400         rw !x
*default*        0x00000000         0xffffffff

Linker script and memory map

Address of section .data set to 0x800100
LOAD C:/Program Files (x86)/Atmel/Studio/7.0/Packs/atmel/ATmega_DFP/1.3.300/gcc/dev/atmega128/avr51/crtatmega128.o
LOAD Library/74hc595.o
LOAD Library/atcommands.o
LOAD Library/atmega128analog.o
LOAD Library/atmega128interrupt.o
LOAD Library/atmega128mapping.o
LOAD Library/atmega128spi.o
LOAD Library/atmega128timer.o
LOAD Library/atmega128twi.o
LOAD Library/atmega128uart.o
LOAD Library/atmegaeeprom.o
LOAD Library/buffer.o
LOAD Library/clock.o
LOAD Library/explode.o
LOAD Library/function.o
LOAD Library/hx711.o
LOAD Library/keypad.o
LOAD Library/lcd.o
LOAD Library/lfsm.o
LOAD Library/mm74c923.o
LOAD Library/pcf8563rtc.o
LOAD Library/rotenc.o
LOAD Library/watch.o
LOAD Library/znpid.o
LOAD main.o
START GROUP
LOAD c:/program files (x86)/atmel/studio/7.0/toolchain/avr8/avr8-gnu-toolchain/bin/../lib/gcc/avr/5.4.0/../../../../avr/lib/avr51\libm.a
END GROUP
START GROUP
LOAD c:/program files (x86)/atmel/studio/7.0/toolchain/avr8/avr8-gnu-toolchain/bin/../lib/gcc/avr/5.4.0/avr51\libgcc.a
LOAD c:/program files (x86)/atmel/studio/7.0/toolchain/avr8/avr8-gnu-toolchain/bin/../lib/gcc/avr/5.4.0/../../../../avr/lib/avr51\libm.a
LOAD c:/program files (x86)/atmel/studio/7.0/toolchain/avr8/avr8-gnu-toolchain/bin/../lib/gcc/avr/5.4.0/../../../../avr/lib/avr51\libc.a
LOAD C:/Program Files (x86)/Atmel/Studio/7.0/Packs/atmel/ATmega_DFP/1.3.300/gcc/dev/atmega128/avr51\libatmega128.a
END GROUP
                0x00000000                __TEXT_REGION_ORIGIN__ = DEFINED (__TEXT_REGION_ORIGIN__)?__TEXT_REGION_ORIGIN__:0x0
                0x00800100                __DATA_REGION_ORIGIN__ = DEFINED (__DATA_REGION_ORIGIN__)?__DATA_REGION_ORIGIN__:0x800100
                0x00020000                __TEXT_REGION_LENGTH__ = DEFINED (__TEXT_REGION_LENGTH__)?__TEXT_REGION_LENGTH__:0x20000
                0x0000ff00                __DATA_REGION_LENGTH__ = DEFINED (__DATA_REGION_LENGTH__)?__DATA_REGION_LENGTH__:0xff00
                0x00010000                __EEPROM_REGION_LENGTH__ = DEFINED (__EEPROM_REGION_LENGTH__)?__EEPROM_REGION_LENGTH__:0x10000
                [0x00000003]                __FUSE_REGION_LENGTH__ = DEFINED (__FUSE_REGION_LENGTH__)?__FUSE_REGION_LENGTH__:0x400
                0x00000400                __LOCK_REGION_LENGTH__ = DEFINED (__LOCK_REGION_LENGTH__)?__LOCK_REGION_LENGTH__:0x400
                0x00000400                __SIGNATURE_REGION_LENGTH__ = DEFINED (__SIGNATURE_REGION_LENGTH__)?__SIGNATURE_REGION_LENGTH__:0x400
                0x00000400                __USER_SIGNATURE_REGION_LENGTH__ = DEFINED (__USER_SIGNATURE_REGION_LENGTH__)?__USER_SIGNATURE_REGION_LENGTH__:0x400

.hash
 *(.hash)

.dynsym
 *(.dynsym)

.dynstr
 *(.dynstr)

.gnu.version
 *(.gnu.version)

.gnu.version_d
 *(.gnu.version_d)

.gnu.version_r
 *(.gnu.version_r)

.rel.init
 *(.rel.init)

.rela.init
 *(.rela.init)

.rel.text
 *(.rel.text)
 *(.rel.text.*)
 *(.rel.gnu.linkonce.t*)

.rela.text
 *(.rela.text)
 *(.rela.text.*)
 *(.rela.gnu.linkonce.t*)

.rel.fini
 *(.rel.fini)

.rela.fini
 *(.rela.fini)

.rel.rodata
 *(.rel.rodata)
 *(.rel.rodata.*)
 *(.rel.gnu.linkonce.r*)

.rela.rodata
 *(.rela.rodata)
 *(.rela.rodata.*)
 *(.rela.gnu.linkonce.r*)

.rel.data
 *(.rel.data)
 *(.rel.data.*)
 *(.rel.gnu.linkonce.d*)

.rela.data
 *(.rela.data)
 *(.rela.data.*)
 *(.rela.gnu.linkonce.d*)

.rel.ctors
 *(.rel.ctors)

.rela.ctors
 *(.rela.ctors)

.rel.dtors
 *(.rel.dtors)

.rela.dtors
 *(.rela.dtors)

.rel.got
 *(.rel.got)

.rela.got
 *(.rela.got)

.rel.bss
 *(.rel.bss)

.rela.bss
 *(.rela.bss)

.rel.plt
 *(.rel.plt)

.rela.plt
 *(.rela.plt)

.text           0x00000000     0x80da
 *(.vectors)
 .vectors       0x00000000       0x8c C:/Program Files (x86)/Atmel/Studio/7.0/Packs/atmel/ATmega_DFP/1.3.300/gcc/dev/atmega128/avr51/crtatmega128.o
                0x00000000                __vector_default
                0x00000000                __vectors
 *(.vectors)
 *(.progmem.gcc*)
 .progmem.gcc_sw_table.INTERRUPT_set
                0x0000008c       0x10 Library/atmega128interrupt.o
 .progmem.gcc_sw_table.INTERRUPT_off
                0x0000009c       0x10 Library/atmega128interrupt.o
 .progmem.gcc_sw_table.INTERRUPT_on
                0x000000ac       0x10 Library/atmega128interrupt.o
 .progmem.gcc_sw_table.TIMER_COUNTER1enable
                0x000000bc       0x36 Library/atmega128timer.o
 .progmem.gcc_sw_table.TIMER_COUNTER3enable
                0x000000f2       0x36 Library/atmega128timer.o
 .progmem.gcc_sw_table.main
                0x00000128        0xe main.o
 .progmem.gcc_fplib
                0x00000136       0x28 c:/program files (x86)/atmel/studio/7.0/toolchain/avr8/avr8-gnu-toolchain/bin/../lib/gcc/avr/5.4.0/../../../../avr/lib/avr51\libm.a(exp.o)
 .progmem.gcc_fplib
                0x0000015e       0x5a c:/program files (x86)/atmel/studio/7.0/toolchain/avr8/avr8-gnu-toolchain/bin/../lib/gcc/avr/5.4.0/../../../../avr/lib/avr51\libm.a(log.o)
                0x000001b8                . = ALIGN (0x2)
                0x000001b8                __trampolines_start = .
 *(.trampolines)
 .trampolines   0x000001b8        0x0 linker stubs
 *(.trampolines*)
                0x000001b8                __trampolines_end = .
 *libprintf_flt.a:*(.progmem.data)
 *libc.a:*(.progmem.data)
 *(.progmem*)
                0x000001b8                . = ALIGN (0x2)
 *(.jumptables)
 *(.jumptables*)
 *(.lowtext)
 *(.lowtext*)
                0x000001b8                __ctors_start = .
 *(.ctors)
                0x000001b8                __ctors_end = .
                0x000001b8                __dtors_start = .
 *(.dtors)
                0x000001b8                __dtors_end = .
 SORT(*)(.ctors)
 SORT(*)(.dtors)
 *(.init0)
 .init0         0x000001b8        0x0 C:/Program Files (x86)/Atmel/Studio/7.0/Packs/atmel/ATmega_DFP/1.3.300/gcc/dev/atmega128/avr51/crtatmega128.o
                0x000001b8                __init
 *(.init0)
 *(.init1)
 *(.init1)
 *(.init2)
 .init2         0x000001b8        0xc C:/Program Files (x86)/Atmel/Studio/7.0/Packs/atmel/ATmega_DFP/1.3.300/gcc/dev/atmega128/avr51/crtatmega128.o
 *(.init2)
 *(.init3)
 *(.init3)
 *(.init4)
 .init4         0x000001c4       0x1a c:/program files (x86)/atmel/studio/7.0/toolchain/avr8/avr8-gnu-toolchain/bin/../lib/gcc/avr/5.4.0/avr51\libgcc.a(_copy_data.o)
                0x000001c4                __do_copy_data
 .init4         0x000001de       0x10 c:/program files (x86)/atmel/studio/7.0/toolchain/avr8/avr8-gnu-toolchain/bin/../lib/gcc/avr/5.4.0/avr51\libgcc.a(_clear_bss.o)
                0x000001de                __do_clear_bss
 *(.init4)
 *(.init5)
 *(.init5)
 *(.init6)
 *(.init6)
 *(.init7)
 *(.init7)
 *(.init8)
 *(.init8)
 *(.init9)
 .init9         0x000001ee        0x8 C:/Program Files (x86)/Atmel/Studio/7.0/Packs/atmel/ATmega_DFP/1.3.300/gcc/dev/atmega128/avr51/crtatmega128.o
 *(.init9)
 *(.text)
 .text          0x000001f6        0x2 C:/Program Files (x86)/Atmel/Studio/7.0/Packs/atmel/ATmega_DFP/1.3.300/gcc/dev/atmega128/avr51/crtatmega128.o
                0x000001f6                __vector_22
                0x000001f6                __vector_28
                0x000001f6                __vector_1
                0x000001f6                __vector_32
                0x000001f6                __vector_34
                0x000001f6                __vector_24
                0x000001f6                __vector_12
                0x000001f6                __bad_interrupt
                0x000001f6                __vector_6
                0x000001f6                __vector_3
                0x000001f6                __vector_23
                0x000001f6                __vector_25
                0x000001f6                __vector_11
                0x000001f6                __vector_13
                0x000001f6                __vector_17
                0x000001f6                __vector_7
                0x000001f6                __vector_27
                0x000001f6                __vector_5
                0x000001f6                __vector_33
                0x000001f6                __vector_4
                0x000001f6                __vector_2
                0x000001f6                __vector_29
                0x000001f6                __vector_8
                0x000001f6                __vector_26
                0x000001f6                __vector_14
                0x000001f6                __vector_10
                0x000001f6                __vector_16
                0x000001f6                __vector_20
                0x000001f8                . = ALIGN (0x2)
 *(.text.*)
 .text.HC595_shift_bit
                0x000001f8       0x8a Library/74hc595.o
                0x000001f8                HC595_shift_bit
 .text.HC595_shift_out
                0x00000282       0x42 Library/74hc595.o
                0x00000282                HC595_shift_out
 .text.HC595_shift_ibyte
                0x000002c4       0x3c Library/74hc595.o
                0x000002c4                HC595_shift_ibyte
 .text.HC595_shift_byte
                0x00000300       0x38 Library/74hc595.o
                0x00000300                HC595_shift_byte
 .text.HC595enable
                0x00000338       0xb4 Library/74hc595.o
                0x00000338                HC595enable
 .text.BT05ATcmd
                0x000003ec      0x57e Library/atcommands.o
                0x000003ec                BT05ATcmd
 .text.ANALOG_read
                0x0000096a       0x22 Library/atmega128analog.o
                0x0000096a                ANALOG_read
 .text.ANALOGenable
                0x0000098c      0x248 Library/atmega128analog.o
                0x0000098c                ANALOGenable
 .text.__vector_21
                0x00000bd4      0x124 Library/atmega128analog.o
                0x00000bd4                __vector_21
 .text.INTERRUPT_reset_status
                0x00000cf8       0x58 Library/atmega128interrupt.o
                0x00000cf8                INTERRUPT_reset_status
 .text.INTERRUPT_set
                0x00000d50      0x338 Library/atmega128interrupt.o
                0x00000d50                INTERRUPT_set
 .text.INTERRUPT_off
                0x00001088       0xa0 Library/atmega128interrupt.o
                0x00001088                INTERRUPT_off
 .text.INTERRUPT_on
                0x00001128      0x124 Library/atmega128interrupt.o
                0x00001128                INTERRUPT_on
 .text.INTERRUPTenable
                0x0000124c       0x74 Library/atmega128interrupt.o
                0x0000124c                INTERRUPTenable
 .text.ReadHLByte
                0x000012c0       0x10 Library/atmega128mapping.o
                0x000012c0                ReadHLByte
 .text.ReadLHByte
                0x000012d0       0x10 Library/atmega128mapping.o
                0x000012d0                ReadLHByte
 .text.WriteHLByte
                0x000012e0        0x2 Library/atmega128mapping.o
                0x000012e0                WriteHLByte
 .text.WriteLHByte
                0x000012e2        0x8 Library/atmega128mapping.o
                0x000012e2                WriteLHByte
 .text.SwapByte
                0x000012ea        0x8 Library/atmega128mapping.o
                0x000012ea                SwapByte
 .text.ATMEGA128enable
                0x000012f2      0x158 Library/atmega128mapping.o
                0x000012f2                ATMEGA128enable
 .text.spi_transfer_sync
                0x0000144a       0x5c Library/atmega128spi.o
                0x0000144a                spi_transfer_sync
 .text.spi_transmit_sync
                0x000014a6       0x42 Library/atmega128spi.o
                0x000014a6                spi_transmit_sync
 .text.spi_fast_shift
                0x000014e8       0x1c Library/atmega128spi.o
                0x000014e8                spi_fast_shift
 .text.SPIenable
                0x00001504      0x2d4 Library/atmega128spi.o
                0x00001504                SPIenable
 .text.TIMER_COUNTER0_start
                0x000017d8       0xd4 Library/atmega128timer.o
                0x000017d8                TIMER_COUNTER0_start
 .text.TIMER_COUNTER0_compoutmode
                0x000018ac       0x6e Library/atmega128timer.o
                0x000018ac                TIMER_COUNTER0_compoutmode
 .text.TIMER_COUNTER0_compare
                0x0000191a        0xc Library/atmega128timer.o
                0x0000191a                TIMER_COUNTER0_compare
 .text.TIMER_COUNTER0_stop
                0x00001926       0x16 Library/atmega128timer.o
                0x00001926                TIMER_COUNTER0_stop
 .text.TIMER_COUNTER1_start
                0x0000193c       0xd0 Library/atmega128timer.o
                0x0000193c                TIMER_COUNTER1_start
 .text.TIMER_COUNTER1_compoutmodeA
                0x00001a0c       0x80 Library/atmega128timer.o
                0x00001a0c                TIMER_COUNTER1_compoutmodeA
 .text.TIMER_COUNTER1_compoutmodeB
                0x00001a8c       0x80 Library/atmega128timer.o
                0x00001a8c                TIMER_COUNTER1_compoutmodeB
 .text.TIMER_COUNTER1_compoutmodeC
                0x00001b0c       0x80 Library/atmega128timer.o
                0x00001b0c                TIMER_COUNTER1_compoutmodeC
 .text.TIMER_COUNTER1_compareA
                0x00001b8c       0x20 Library/atmega128timer.o
                0x00001b8c                TIMER_COUNTER1_compareA
 .text.TIMER_COUNTER1_compareB
                0x00001bac       0x20 Library/atmega128timer.o
                0x00001bac                TIMER_COUNTER1_compareB
 .text.TIMER_COUNTER1_compareC
                0x00001bcc       0x20 Library/atmega128timer.o
                0x00001bcc                TIMER_COUNTER1_compareC
 .text.TIMER_COUNTER1_stop
                0x00001bec       0x16 Library/atmega128timer.o
                0x00001bec                TIMER_COUNTER1_stop
 .text.TIMER_COUNTER2_start
                0x00001c02       0xd0 Library/atmega128timer.o
                0x00001c02                TIMER_COUNTER2_start
 .text.TIMER_COUNTER2_compoutmode
                0x00001cd2       0x80 Library/atmega128timer.o
                0x00001cd2                TIMER_COUNTER2_compoutmode
 .text.TIMER_COUNTER2_compare
                0x00001d52        0xc Library/atmega128timer.o
                0x00001d52                TIMER_COUNTER2_compare
 .text.TIMER_COUNTER2_stop
                0x00001d5e       0x16 Library/atmega128timer.o
                0x00001d5e                TIMER_COUNTER2_stop
 .text.TIMER_COUNTER3_start
                0x00001d74       0xb8 Library/atmega128timer.o
                0x00001d74                TIMER_COUNTER3_start
 .text.TIMER_COUNTER3_compoutmodeA
                0x00001e2c       0x90 Library/atmega128timer.o
                0x00001e2c                TIMER_COUNTER3_compoutmodeA
 .text.TIMER_COUNTER3_compoutmodeB
                0x00001ebc       0x90 Library/atmega128timer.o
                0x00001ebc                TIMER_COUNTER3_compoutmodeB
 .text.TIMER_COUNTER3_compoutmodeC
                0x00001f4c       0x90 Library/atmega128timer.o
                0x00001f4c                TIMER_COUNTER3_compoutmodeC
 .text.TIMER_COUNTER3_compareA
                0x00001fdc       0x24 Library/atmega128timer.o
                0x00001fdc                TIMER_COUNTER3_compareA
 .text.TIMER_COUNTER3_compareB
                0x00002000       0x24 Library/atmega128timer.o
                0x00002000                TIMER_COUNTER3_compareB
 .text.TIMER_COUNTER3_compareC
                0x00002024       0x24 Library/atmega128timer.o
                0x00002024                TIMER_COUNTER3_compareC
 .text.TIMER_COUNTER3_stop
                0x00002048       0x1a Library/atmega128timer.o
                0x00002048                TIMER_COUNTER3_stop
 .text.TIMER_COUNTER0enable
                0x00002062      0x170 Library/atmega128timer.o
                0x00002062                TIMER_COUNTER0enable
 .text.TIMER_COUNTER1enable
                0x000021d2      0x4ce Library/atmega128timer.o
                0x000021d2                TIMER_COUNTER1enable
 .text.TIMER_COUNTER2enable
                0x000026a0      0x170 Library/atmega128timer.o
                0x000026a0                TIMER_COUNTER2enable
 .text.TIMER_COUNTER3enable
                0x00002810      0x3ac Library/atmega128timer.o
                0x00002810                TIMER_COUNTER3enable
 .text.TWI_status
                0x00002bbc        0xe Library/atmega128twi.o
                0x00002bbc                TWI_status
 .text.TWI_stop
                0x00002bca       0x1a Library/atmega128twi.o
                0x00002bca                TWI_stop
 .text.TWI_init
                0x00002be4       0xca Library/atmega128twi.o
                0x00002be4                TWI_init
 .text.TWIenable
                0x00002cae       0x94 Library/atmega128twi.o
                0x00002cae                TWIenable
 .text.TWI_wait_twint
                0x00002d42       0x20 Library/atmega128twi.o
                0x00002d42                TWI_wait_twint
 .text.TWI_start
                0x00002d62       0x1c Library/atmega128twi.o
                0x00002d62                TWI_start
 .text.TWI_connect
                0x00002d7e       0x36 Library/atmega128twi.o
                0x00002d7e                TWI_connect
 .text.TWI_master_write
                0x00002db4       0x26 Library/atmega128twi.o
                0x00002db4                TWI_master_write
 .text.TWI_master_read
                0x00002dda       0x30 Library/atmega128twi.o
                0x00002dda                TWI_master_read
 .text.uart0_gets
                0x00002e0a       0x10 Library/atmega128uart.o
                0x00002e0a                uart0_gets
 .text.uart0_rxflush
                0x00002e1a       0x10 Library/atmega128uart.o
                0x00002e1a                uart0_rxflush
 .text.uart1_gets
                0x00002e2a       0x10 Library/atmega128uart.o
                0x00002e2a                uart1_gets
 .text.uart1_rxflush
                0x00002e3a       0x10 Library/atmega128uart.o
                0x00002e3a                uart1_rxflush
 .text.uart0_read
                0x00002e4a       0x16 Library/atmega128uart.o
                0x00002e4a                uart0_read
 .text.uart0_getch
                0x00002e60        0x4 Library/atmega128uart.o
                0x00002e60                uart0_getch
 .text.uart0_write
                0x00002e64       0x26 Library/atmega128uart.o
                0x00002e64                uart0_write
 .text.uart0_putch
                0x00002e8a        0x4 Library/atmega128uart.o
                0x00002e8a                uart0_putch
 .text.uart1_read
                0x00002e8e       0x16 Library/atmega128uart.o
                0x00002e8e                uart1_read
 .text.uart1_getch
                0x00002ea4        0x4 Library/atmega128uart.o
                0x00002ea4                uart1_getch
 .text.uart1_write
                0x00002ea8       0x26 Library/atmega128uart.o
                0x00002ea8                uart1_write
 .text.uart1_putch
                0x00002ece        0x4 Library/atmega128uart.o
                0x00002ece                uart1_putch
 .text.uart1_puts
                0x00002ed2       0x1c Library/atmega128uart.o
                0x00002ed2                uart1_puts
 .text.uart0_puts
                0x00002eee       0x1c Library/atmega128uart.o
                0x00002eee                uart0_puts
 .text.UART0enable
                0x00002f0a      0x324 Library/atmega128uart.o
                0x00002f0a                UART0enable
 .text.UART1enable
                0x0000322e      0x2ec Library/atmega128uart.o
                0x0000322e                UART1enable
 .text.__vector_18
                0x0000351a       0x70 Library/atmega128uart.o
                0x0000351a                __vector_18
 .text.__vector_19
                0x0000358a       0x36 Library/atmega128uart.o
                0x0000358a                __vector_19
 .text.__vector_30
                0x000035c0       0x70 Library/atmega128uart.o
                0x000035c0                __vector_30
 .text.__vector_31
                0x00003630       0x36 Library/atmega128uart.o
                0x00003630                __vector_31
 .text.BUFF_push
                0x00003666       0x36 Library/buffer.o
                0x00003666                BUFF_push
 .text.BUFF_raw
                0x0000369c        0x8 Library/buffer.o
                0x0000369c                BUFF_raw
 .text.BUFF_flush
                0x000036a4       0x14 Library/buffer.o
                0x000036a4                BUFF_flush
 .text.BUFFenable
                0x000036b8       0x2e Library/buffer.o
                0x000036b8                BUFFenable
 .text.FUNCswap
                0x000036e6       0x42 Library/function.o
                0x000036e6                FUNCswap
 .text.FUNCcopy
                0x00003728       0x1c Library/function.o
                0x00003728                FUNCcopy
 .text.FUNCsqueeze
                0x00003744       0x44 Library/function.o
                0x00003744                FUNCsqueeze
 .text.FUNCshellsort
                0x00003788      0x14c Library/function.o
                0x00003788                FUNCshellsort
 .text.FUNCpmax
                0x000038d4        0xa Library/function.o
                0x000038d4                FUNCpmax
 .text.FUNCgcd  0x000038de       0x1e Library/function.o
                0x000038de                FUNCgcd
 .text.FUNCstrToInt
                0x000038fc       0x48 Library/function.o
                0x000038fc                FUNCstrToInt
 .text.FUNCfilter
                0x00003944        0x4 Library/function.o
                0x00003944                FUNCfilter
 .text.FUNCticks
                0x00003948       0x14 Library/function.o
                0x00003948                FUNCticks
 .text.FUNCtwocomptoint8bit
                0x0000395c       0x1a Library/function.o
                0x0000395c                FUNCtwocomptoint8bit
 .text.FUNCtwocomptoint10bit
                0x00003976       0x18 Library/function.o
                0x00003976                FUNCtwocomptoint10bit
 .text.FUNCtwocomptointnbit
                0x0000398e       0x30 Library/function.o
                0x0000398e                FUNCtwocomptointnbit
 .text.FUNCdec2bcd
                0x000039be       0x26 Library/function.o
                0x000039be                FUNCdec2bcd
 .text.FUNCbcd2dec
                0x000039e4       0x16 Library/function.o
                0x000039e4                FUNCbcd2dec
 .text.FUNCresizestr
                0x000039fa       0x5a Library/function.o
                0x000039fa                FUNCresizestr
 .text.FUNCtrimmer
                0x00003a54       0x82 Library/function.o
                0x00003a54                FUNCtrimmer
 .text.StringLength
                0x00003ad6       0x1e Library/function.o
                0x00003ad6                StringLength
 .text.FUNCtrim
                0x00003af4       0x36 Library/function.o
                0x00003af4                FUNCtrim
 .text.Reverse  0x00003b2a       0x3a Library/function.o
                0x00003b2a                Reverse
 .text.FUNCi32toa
                0x00003b64       0xb6 Library/function.o
                0x00003b64                FUNCi32toa
 .text.FUNCi16toa
                0x00003c1a       0x72 Library/function.o
                0x00003c1a                FUNCi16toa
 .text.FUNCui16toa
                0x00003c8c       0xd4 Library/function.o
                0x00003c8c                FUNCui16toa
 .text.FUNCbcd2bin
                0x00003d60       0x16 Library/function.o
                0x00003d60                FUNCbcd2bin
 .text.FUNCbin2bcd
                0x00003d76       0x42 Library/function.o
                0x00003d76                FUNCbin2bcd
 .text.FUNCgcd1
                0x00003db8       0xa0 Library/function.o
                0x00003db8                FUNCgcd1
 .text.FUNCpincheck
                0x00003e58       0x10 Library/function.o
                0x00003e58                FUNCpincheck
 .text.FUNCprint_binary
                0x00003e68       0x56 Library/function.o
                0x00003e68                FUNCprint_binary
 .text.FUNCdectohex
                0x00003ebe       0xa4 Library/function.o
                0x00003ebe                FUNCdectohex
 .text.FUNCReadHLByte
                0x00003f62       0x10 Library/function.o
                0x00003f62                FUNCReadHLByte
 .text.FUNCReadLHByte
                0x00003f72       0x10 Library/function.o
                0x00003f72                FUNCReadLHByte
 .text.FUNCWriteHLByte
                0x00003f82        0x8 Library/function.o
                0x00003f82                FUNCWriteHLByte
 .text.FUNCWriteLHByte
                0x00003f8a        0x2 Library/function.o
                0x00003f8a                FUNCWriteLHByte
 .text.FUNCSwapByte
                0x00003f8c        0x8 Library/function.o
                0x00003f8c                FUNCSwapByte
 .text.FUNCstrtovec
                0x00003f94       0x18 Library/function.o
                0x00003f94                FUNCstrtovec
 .text.FUNCmayia
                0x00003fac       0x6a Library/function.o
                0x00003fac                FUNCmayia
 .text.FUNCprint
                0x00004016       0x36 Library/function.o
                0x00004016                FUNCprint
 .text.FUNCenable
                0x0000404c      0x148 Library/function.o
                0x0000404c                FUNCenable
 .text.FUNCintinvstr
                0x00004194       0xb4 Library/function.o
                0x00004194                FUNCintinvstr
 .text.FUNCftoa
                0x00004248      0x156 Library/function.o
                0x00004248                FUNCftoa
 .text.KEYPAD_data
                0x0000439e       0x40 Library/keypad.o
                0x0000439e                KEYPAD_data
 .text.KEYPAD_flush
                0x000043de       0x1a Library/keypad.o
                0x000043de                KEYPAD_flush
 .text.KEYPAD_getkey
                0x000043f8      0x25a Library/keypad.o
                0x000043f8                KEYPAD_getkey
 .text.KEYPAD_read
                0x00004652       0x94 Library/keypad.o
                0x00004652                KEYPAD_read
 .text.KEYPADenable
                0x000046e6       0xb2 Library/keypad.o
                0x000046e6                KEYPADenable
 .text.LCD0_strobe
                0x00004798       0x1e Library/lcd.o
                0x00004798                LCD0_strobe
 .text.LCD0_write
                0x000047b6      0x19c Library/lcd.o
                0x000047b6                LCD0_write
 .text.LCD0_clear
                0x00004952       0x16 Library/lcd.o
                0x00004952                LCD0_clear
 .text.LCD0_read
                0x00004968      0x10e Library/lcd.o
                0x00004968                LCD0_read
 .text.LCD0_BF  0x00004a76       0x1c Library/lcd.o
                0x00004a76                LCD0_BF
 .text.LCD0_putch
                0x00004a92        0xa Library/lcd.o
                0x00004a92                LCD0_putch
 .text.LCD0_string
                0x00004a9c       0x1c Library/lcd.o
                0x00004a9c                LCD0_string
 .text.LCD0_string_size
                0x00004ab8       0x52 Library/lcd.o
                0x00004ab8                LCD0_string_size
 .text.LCD0_hspace
                0x00004b0a       0x14 Library/lcd.o
                0x00004b0a                LCD0_hspace
 .text.LCD0_gotoxy
                0x00004b1e       0x4e Library/lcd.o
                0x00004b1e                LCD0_gotoxy
 .text.LCD0_inic
                0x00004b6c       0xd4 Library/lcd.o
                0x00004b6c                LCD0_inic
 .text.LCD0enable
                0x00004c40       0xa0 Library/lcd.o
                0x00004c40                LCD0enable
 .text.LCD0_reboot
                0x00004ce0       0x22 Library/lcd.o
                0x00004ce0                LCD0_reboot
 .text.LCD0_getch
                0x00004d02       0x12 Library/lcd.o
                0x00004d02                LCD0_getch
 .text.PCF8563RTC_SetTime
                0x00004d14       0x56 Library/pcf8563rtc.o
                0x00004d14                PCF8563RTC_SetTime
 .text.PCF8563RTC_SetHour
                0x00004d6a       0x3a Library/pcf8563rtc.o
                0x00004d6a                PCF8563RTC_SetHour
 .text.PCF8563RTC_SetMinute
                0x00004da4       0x3a Library/pcf8563rtc.o
                0x00004da4                PCF8563RTC_SetMinute
 .text.PCF8563RTC_SetSecond
                0x00004dde       0x3a Library/pcf8563rtc.o
                0x00004dde                PCF8563RTC_SetSecond
 .text.PCF8563RTC_SetClkOut
                0x00004e18       0x46 Library/pcf8563rtc.o
                0x00004e18                PCF8563RTC_SetClkOut
 .text.PCF8563RTC_SetDate
                0x00004e5e       0x64 Library/pcf8563rtc.o
                0x00004e5e                PCF8563RTC_SetDate
 .text.PCF8563RTC_SetYear
                0x00004ec2       0x3a Library/pcf8563rtc.o
                0x00004ec2                PCF8563RTC_SetYear
 .text.PCF8563RTC_SetMonth
                0x00004efc       0x3a Library/pcf8563rtc.o
                0x00004efc                PCF8563RTC_SetMonth
 .text.PCF8563RTC_SetWeekday
                0x00004f36       0x3a Library/pcf8563rtc.o
                0x00004f36                PCF8563RTC_SetWeekday
 .text.PCF8563RTC_SetDay
                0x00004f70       0x3a Library/pcf8563rtc.o
                0x00004f70                PCF8563RTC_SetDay
 .text.PCF8563RTC_GetTime
                0x00004faa       0x78 Library/pcf8563rtc.o
                0x00004faa                PCF8563RTC_GetTime
 .text.PCF8563RTC_GetDate
                0x00005022       0x88 Library/pcf8563rtc.o
                0x00005022                PCF8563RTC_GetDate
 .text.PCF8563RTC_bcd2dec
                0x000050aa       0x16 Library/pcf8563rtc.o
                0x000050aa                PCF8563RTC_bcd2dec
 .text.PCF8563RTC_bintobcd
                0x000050c0       0x26 Library/pcf8563rtc.o
                0x000050c0                PCF8563RTC_bintobcd
 .text.PCF8563RTC_Init
                0x000050e6       0x34 Library/pcf8563rtc.o
                0x000050e6                PCF8563RTC_Init
 .text.PCF8563RTCenable
                0x0000511a       0xc4 Library/pcf8563rtc.o
                0x0000511a                PCF8563RTCenable
 .text.PORTINIT
                0x000051de       0x3a main.o
                0x000051de                PORTINIT
 .text.main     0x00005218     0x1f4e main.o
                0x00005218                main
 .text.__vector_15
                0x00007166       0xce main.o
                0x00007166                __vector_15
 .text.__vector_9
                0x00007234       0x76 main.o
                0x00007234                __vector_9
 .text.avr-libc.fplib
                0x000072aa        0xa c:/program files (x86)/atmel/studio/7.0/toolchain/avr8/avr8-gnu-toolchain/bin/../lib/gcc/avr/5.4.0/../../../../avr/lib/avr51\libm.a(addsf3.o)
                0x000072aa                __subsf3
                0x000072ac                __addsf3
 .text.avr-libc.fplib
                0x000072b4       0xc0 c:/program files (x86)/atmel/studio/7.0/toolchain/avr8/avr8-gnu-toolchain/bin/../lib/gcc/avr/5.4.0/../../../../avr/lib/avr51\libm.a(addsf3x.o)
                0x000072ce                __addsf3x
 .text.avr-libc.fplib
                0x00007374        0x8 c:/program files (x86)/atmel/studio/7.0/toolchain/avr8/avr8-gnu-toolchain/bin/../lib/gcc/avr/5.4.0/../../../../avr/lib/avr51\libm.a(cmpsf2.o)
                0x00007374                __nesf2
                0x00007374                __eqsf2
                0x00007374                __cmpsf2
                0x00007374                __ltsf2
                0x00007374                __lesf2
 .text.avr-libc.fplib
                0x0000737c        0x4 c:/program files (x86)/atmel/studio/7.0/toolchain/avr8/avr8-gnu-toolchain/bin/../lib/gcc/avr/5.4.0/../../../../avr/lib/avr51\libm.a(divsf3.o)
                0x0000737c                __divsf3
 .text.avr-libc.fplib
                0x00007380       0xcc c:/program files (x86)/atmel/studio/7.0/toolchain/avr8/avr8-gnu-toolchain/bin/../lib/gcc/avr/5.4.0/../../../../avr/lib/avr51\libm.a(divsf3x.o)
                0x00007396                __divsf3x
                0x0000739a                __divsf3_pse
 .text.avr-libc.fplib
                0x0000744c        0xa c:/program files (x86)/atmel/studio/7.0/toolchain/avr8/avr8-gnu-toolchain/bin/../lib/gcc/avr/5.4.0/../../../../avr/lib/avr51\libm.a(fixsfsi.o)
                0x0000744c                __fixsfsi
 .text.avr-libc.fplib
                0x00007456       0x58 c:/program files (x86)/atmel/studio/7.0/toolchain/avr8/avr8-gnu-toolchain/bin/../lib/gcc/avr/5.4.0/../../../../avr/lib/avr51\libm.a(fixunssfsi.o)
                0x00007456                __fixunssfsi
 .text.avr-libc.fplib
                0x000074ae       0x7a c:/program files (x86)/atmel/studio/7.0/toolchain/avr8/avr8-gnu-toolchain/bin/../lib/gcc/avr/5.4.0/../../../../avr/lib/avr51\libm.a(floatsisf.o)
                0x000074ae                __floatunsisf
                0x000074b2                __floatsisf
 .text.avr-libc.fplib
                0x00007528       0x48 c:/program files (x86)/atmel/studio/7.0/toolchain/avr8/avr8-gnu-toolchain/bin/../lib/gcc/avr/5.4.0/../../../../avr/lib/avr51\libm.a(fp_cmp.o)
                0x00007528                __fp_cmp
 .text.avr-libc.fplib
                0x00007570        0xc c:/program files (x86)/atmel/studio/7.0/toolchain/avr8/avr8-gnu-toolchain/bin/../lib/gcc/avr/5.4.0/../../../../avr/lib/avr51\libm.a(fp_inf.o)
                0x00007570                __fp_inf
 .text.avr-libc.fplib
                0x0000757c        0x6 c:/program files (x86)/atmel/studio/7.0/toolchain/avr8/avr8-gnu-toolchain/bin/../lib/gcc/avr/5.4.0/../../../../avr/lib/avr51\libm.a(fp_nan.o)
                0x0000757c                __fp_nan
 .text.avr-libc.fplib
                0x00007582        0xe c:/program files (x86)/atmel/studio/7.0/toolchain/avr8/avr8-gnu-toolchain/bin/../lib/gcc/avr/5.4.0/../../../../avr/lib/avr51\libm.a(fp_pscA.o)
                0x00007582                __fp_pscA
 .text.avr-libc.fplib
                0x00007590        0xe c:/program files (x86)/atmel/studio/7.0/toolchain/avr8/avr8-gnu-toolchain/bin/../lib/gcc/avr/5.4.0/../../../../avr/lib/avr51\libm.a(fp_pscB.o)
                0x00007590                __fp_pscB
 .text.avr-libc.fplib
                0x0000759e       0x22 c:/program files (x86)/atmel/studio/7.0/toolchain/avr8/avr8-gnu-toolchain/bin/../lib/gcc/avr/5.4.0/../../../../avr/lib/avr51\libm.a(fp_round.o)
                0x0000759e                __fp_round
 .text.avr-libc.fplib
                0x000075c0       0x44 c:/program files (x86)/atmel/studio/7.0/toolchain/avr8/avr8-gnu-toolchain/bin/../lib/gcc/avr/5.4.0/../../../../avr/lib/avr51\libm.a(fp_split3.o)
                0x000075c0                __fp_split3
                0x000075d0                __fp_splitA
 .text.avr-libc.fplib
                0x00007604        0xe c:/program files (x86)/atmel/studio/7.0/toolchain/avr8/avr8-gnu-toolchain/bin/../lib/gcc/avr/5.4.0/../../../../avr/lib/avr51\libm.a(fp_zero.o)
                0x00007604                __fp_zero
                0x00007606                __fp_szero
 .text.avr-libc.fplib
                0x00007612        0x4 c:/program files (x86)/atmel/studio/7.0/toolchain/avr8/avr8-gnu-toolchain/bin/../lib/gcc/avr/5.4.0/../../../../avr/lib/avr51\libm.a(mulsf3.o)
                0x00007612                __mulsf3
 .text.avr-libc.fplib
                0x00007616       0xc2 c:/program files (x86)/atmel/studio/7.0/toolchain/avr8/avr8-gnu-toolchain/bin/../lib/gcc/avr/5.4.0/../../../../avr/lib/avr51\libm.a(mulsf3x.o)
                0x0000762a                __mulsf3x
                0x0000762e                __mulsf3_pse
 .text.avr-libc.fplib
                0x000076d8       0x98 c:/program files (x86)/atmel/studio/7.0/toolchain/avr8/avr8-gnu-toolchain/bin/../lib/gcc/avr/5.4.0/../../../../avr/lib/avr51\libm.a(pow.o)
                0x000076d8                pow
 .text.avr-libc.fplib
                0x00007770       0x62 c:/program files (x86)/atmel/studio/7.0/toolchain/avr8/avr8-gnu-toolchain/bin/../lib/gcc/avr/5.4.0/../../../../avr/lib/avr51\libm.a(exp.o)
                0x0000777a                exp
 .text.avr-libc.fplib
                0x000077d2       0x4a c:/program files (x86)/atmel/studio/7.0/toolchain/avr8/avr8-gnu-toolchain/bin/../lib/gcc/avr/5.4.0/../../../../avr/lib/avr51\libm.a(fp_powser.o)
                0x000077d2                __fp_powser
 .text.avr-libc.fplib
                0x0000781c        0xe c:/program files (x86)/atmel/studio/7.0/toolchain/avr8/avr8-gnu-toolchain/bin/../lib/gcc/avr/5.4.0/../../../../avr/lib/avr51\libm.a(inverse.o)
                0x0000781c                inverse
 .text.avr-libc.fplib
                0x0000782a       0x6c c:/program files (x86)/atmel/studio/7.0/toolchain/avr8/avr8-gnu-toolchain/bin/../lib/gcc/avr/5.4.0/../../../../avr/lib/avr51\libm.a(ldexp.o)
                0x0000782e                ldexp
 .text.avr-libc.fplib
                0x00007896       0x8a c:/program files (x86)/atmel/studio/7.0/toolchain/avr8/avr8-gnu-toolchain/bin/../lib/gcc/avr/5.4.0/../../../../avr/lib/avr51\libm.a(log.o)
                0x000078a0                log
 .text.avr-libc.fplib
                0x00007920       0x66 c:/program files (x86)/atmel/studio/7.0/toolchain/avr8/avr8-gnu-toolchain/bin/../lib/gcc/avr/5.4.0/../../../../avr/lib/avr51\libm.a(modf.o)
                0x00007920                modf
                0x00007920                modff
 .text.avr-libc.fplib
                0x00007986       0x1c c:/program files (x86)/atmel/studio/7.0/toolchain/avr8/avr8-gnu-toolchain/bin/../lib/gcc/avr/5.4.0/../../../../avr/lib/avr51\libm.a(fp_mpack.o)
                0x00007986                __fp_mpack
                0x0000798a                __fp_mpack_finite
 .text.libgcc.mul
                0x000079a2       0x1e c:/program files (x86)/atmel/studio/7.0/toolchain/avr8/avr8-gnu-toolchain/bin/../lib/gcc/avr/5.4.0/avr51\libgcc.a(_mulsi3.o)
                0x000079a2                __mulsi3
 .text.libgcc.div
                0x000079c0       0x28 c:/program files (x86)/atmel/studio/7.0/toolchain/avr8/avr8-gnu-toolchain/bin/../lib/gcc/avr/5.4.0/avr51\libgcc.a(_udivmodhi4.o)
                0x000079c0                __udivmodhi4
 .text.libgcc.div
                0x000079e8       0x26 c:/program files (x86)/atmel/studio/7.0/toolchain/avr8/avr8-gnu-toolchain/bin/../lib/gcc/avr/5.4.0/avr51\libgcc.a(_divmodhi4.o)
                0x000079e8                _div
                0x000079e8                __divmodhi4
 .text.libgcc.div
                0x00007a0e       0x44 c:/program files (x86)/atmel/studio/7.0/toolchain/avr8/avr8-gnu-toolchain/bin/../lib/gcc/avr/5.4.0/avr51\libgcc.a(_udivmodsi4.o)
                0x00007a0e                __udivmodsi4
 .text.libgcc.div
                0x00007a52       0x28 c:/program files (x86)/atmel/studio/7.0/toolchain/avr8/avr8-gnu-toolchain/bin/../lib/gcc/avr/5.4.0/avr51\libgcc.a(_divmodsi4.o)
                0x00007a52                __divmodsi4
 .text.libgcc.div
                0x00007a7a       0x10 c:/program files (x86)/atmel/studio/7.0/toolchain/avr8/avr8-gnu-toolchain/bin/../lib/gcc/avr/5.4.0/avr51\libgcc.a(_negsi2.o)
                0x00007a7a                __negsi2
 .text.libgcc   0x00007a8a       0x12 c:/program files (x86)/atmel/studio/7.0/toolchain/avr8/avr8-gnu-toolchain/bin/../lib/gcc/avr/5.4.0/avr51\libgcc.a(_tablejump2.o)
                0x00007a8a                __tablejump2__
 .text.libgcc.mul
                0x00007a9c       0x1e c:/program files (x86)/atmel/studio/7.0/toolchain/avr8/avr8-gnu-toolchain/bin/../lib/gcc/avr/5.4.0/avr51\libgcc.a(_umulhisi3.o)
                0x00007a9c                __umulhisi3
 .text.libgcc.mul
                0x00007aba       0x14 c:/program files (x86)/atmel/studio/7.0/toolchain/avr8/avr8-gnu-toolchain/bin/../lib/gcc/avr/5.4.0/avr51\libgcc.a(_muluhisi3.o)
                0x00007aba                __muluhisi3
 .text.avr-libc
                0x00007ace       0x12 c:/program files (x86)/atmel/studio/7.0/toolchain/avr8/avr8-gnu-toolchain/bin/../lib/gcc/avr/5.4.0/../../../../avr/lib/avr51\libc.a(strcmp.o)
                0x00007ace                strcmp
 .text.avr-libc
                0x00007ae0        0xe c:/program files (x86)/atmel/studio/7.0/toolchain/avr8/avr8-gnu-toolchain/bin/../lib/gcc/avr/5.4.0/../../../../avr/lib/avr51\libc.a(strcpy.o)
                0x00007ae0                strcpy
 .text.avr-libc
                0x00007aee       0x1e c:/program files (x86)/atmel/studio/7.0/toolchain/avr8/avr8-gnu-toolchain/bin/../lib/gcc/avr/5.4.0/../../../../avr/lib/avr51\libc.a(strncpy.o)
                0x00007aee                strncpy
 .text.avr-libc
                0x00007b0c       0x70 c:/program files (x86)/atmel/studio/7.0/toolchain/avr8/avr8-gnu-toolchain/bin/../lib/gcc/avr/5.4.0/../../../../avr/lib/avr51\libc.a(vsnprintf.o)
                0x00007b0c                vsnprintf
 .text.avr-libc
                0x00007b7c      0x3fa c:/program files (x86)/atmel/studio/7.0/toolchain/avr8/avr8-gnu-toolchain/bin/../lib/gcc/avr/5.4.0/../../../../avr/lib/avr51\libc.a(vfprintf_std.o)
                0x00007b7c                vfprintf
 .text.avr-libc
                0x00007f76       0x16 c:/program files (x86)/atmel/studio/7.0/toolchain/avr8/avr8-gnu-toolchain/bin/../lib/gcc/avr/5.4.0/../../../../avr/lib/avr51\libc.a(strnlen_P.o)
                0x00007f76                strnlen_P
 .text.avr-libc
                0x00007f8c       0x16 c:/program files (x86)/atmel/studio/7.0/toolchain/avr8/avr8-gnu-toolchain/bin/../lib/gcc/avr/5.4.0/../../../../avr/lib/avr51\libc.a(strnlen.o)
                0x00007f8c                strnlen
 .text.avr-libc
                0x00007fa2       0x78 c:/program files (x86)/atmel/studio/7.0/toolchain/avr8/avr8-gnu-toolchain/bin/../lib/gcc/avr/5.4.0/../../../../avr/lib/avr51\libc.a(fputc.o)
                0x00007fa2                fputc
 .text.avr-libc
                0x0000801a       0xbc c:/program files (x86)/atmel/studio/7.0/toolchain/avr8/avr8-gnu-toolchain/bin/../lib/gcc/avr/5.4.0/../../../../avr/lib/avr51\libc.a(ultoa_invert.o)
                0x0000801a                __ultoa_invert
                0x000080d6                . = ALIGN (0x2)
 *(.fini9)
 .fini9         0x000080d6        0x0 c:/program files (x86)/atmel/studio/7.0/toolchain/avr8/avr8-gnu-toolchain/bin/../lib/gcc/avr/5.4.0/avr51\libgcc.a(_exit.o)
                0x000080d6                _exit
                0x000080d6                exit
 *(.fini9)
 *(.fini8)
 *(.fini8)
 *(.fini7)
 *(.fini7)
 *(.fini6)
 *(.fini6)
 *(.fini5)
 *(.fini5)
 *(.fini4)
 *(.fini4)
 *(.fini3)
 *(.fini3)
 *(.fini2)
 *(.fini2)
 *(.fini1)
 *(.fini1)
 *(.fini0)
 .fini0         0x000080d6        0x4 c:/program files (x86)/atmel/studio/7.0/toolchain/avr8/avr8-gnu-toolchain/bin/../lib/gcc/avr/5.4.0/avr51\libgcc.a(_exit.o)
 *(.fini0)
                0x000080da                _etext = .

.data           0x00800100      0x7d2 load address 0x000080da
                0x00800100                PROVIDE (__data_start, .)
 *(.data)
 *(.data*)
 .data.keypadvalue
                0x00800100       0x10 Library/keypad.o
                0x00800100                keypadvalue
 *(.gnu.linkonce.d*)
 *(.rodata)
 *(.rodata*)
 .rodata.str1.1
                0x00800110      0x668 Library/atcommands.o
                                0x66d (size before relaxing)
 .rodata.str1.1
                0x00800778      0x15a main.o
                                0x16b (size before relaxing)
 *(.gnu.linkonce.r*)
                0x008008d2                . = ALIGN (0x2)
                0x008008d2                _edata = .
                0x008008d2                PROVIDE (__data_end, .)

.bss            0x008008d2      0x495
                0x008008d2                PROVIDE (__bss_start, .)
 *(.bss)
 *(.bss*)
 .bss.adc_n_sample
                0x008008d2        0x1 Library/atmega128analog.o
 .bss.adc_sample
                0x008008d3        0x2 Library/atmega128analog.o
 .bss.ADC_SELECTOR
                0x008008d5        0x2 Library/atmega128analog.o
 .bss.ADC_CHANNEL_GAIN
                0x008008d7       0x40 Library/atmega128analog.o
 .bss.ADC_VALUE
                0x00800917       0x40 Library/atmega128analog.o
 .bss.FUNCstr   0x00800957       0x60 Library/function.o
 .bss.endstr    0x008009b7        0x2 Library/keypad.o
                0x008009b7                endstr
 .bss.uartreceive
                0x008009b9        0x2 main.o
                0x008009b9                uartreceive
 .bss.ptr       0x008009bb        0x2 main.o
                0x008009bb                ptr
 .bss.increment
                0x008009bd        0x1 main.o
                0x008009bd                increment
 .bss.count     0x008009be        0x1 main.o
                0x008009be                count
 *(COMMON)
 COMMON         0x008009bf        0x7 Library/74hc595.o
                0x008009bf                hc595_DDR
                0x008009c1                hc595_PORT
                0x008009c3                HC595_datapin
                0x008009c4                HC595_outpin
                0x008009c5                HC595_clkpin
 COMMON         0x008009c6       0x20 Library/atcommands.o
                0x008009c6                ATstr
 COMMON         0x008009e6       0x56 Library/atmega128analog.o
                0x008009e6                ADC_N_CHANNEL
                0x008009e8                analogmega128
                0x00800a3a                adc_tmp
 COMMON         0x00800a3c       0x52 Library/atmega128interrupt.o
                0x00800a3c                interruptmega128
 COMMON         0x00800a8e       0x52 Library/atmega128spi.o
                0x00800a8e                spimega128
 COMMON         0x00800ae0       0x56 Library/atmega128timer.o
                0x00800ae0                timer1_state
                0x00800ae1                timermega128
                0x00800b33                timer3_state
                0x00800b34                timer2_state
                0x00800b35                timer0_state
 COMMON         0x00800b36       0x52 Library/atmega128twi.o
                0x00800b36                twimega128
 COMMON         0x00800b88       0xb0 Library/atmega128uart.o
                0x00800b88                UART0_RxBuf
                0x00800ba9                UART1_Rx
                0x00800baa                UART0_Rx
                0x00800bab                rx0buff
                0x00800bb7                UART1_RxBuf
                0x00800bd8                UART1_LastRxError
                0x00800bd9                uartmega128
                0x00800c2b                UART0_LastRxError
                0x00800c2c                rx1buff
 COMMON         0x00800c38       0x17 Library/keypad.o
                0x00800c38                keypad_PORT
                0x00800c3a                KEYPAD_char
                0x00800c3b                keypad_dataf
                0x00800c3f                keypad_datai
                0x00800c43                KEYPADSTRINGINDEX
                0x00800c44                keypad_PIN
                0x00800c46                keypad_DDR
                0x00800c48                KEYPAD_string
 COMMON         0x00800c4f        0xe Library/lcd.o
                0x00800c4f                lcd0_PIN
                0x00800c51                lcd1_DDR
                0x00800c53                lcd1_detect
                0x00800c54                lcd1_PIN
                0x00800c56                lcd0_DDR
                0x00800c58                lcd0_detect
                0x00800c59                lcd0_PORT
                0x00800c5b                lcd1_PORT
 COMMON         0x00800c5d       0x21 Library/lfsm.o
                0x00800c5d                tmp2
                0x00800c68                data
                0x00800c73                tmp1
 COMMON         0x00800c7e        0xc Library/pcf8563rtc.o
                0x00800c7e                i2c
 COMMON         0x00800c8a       0xdd main.o
                0x00800c8a                shift
                0x00800c92                counter1
                0x00800c94                function
                0x00800cde                m128
                0x00800d30                signal
                0x00800d32                tm
                0x00800d35                rtc
                0x00800d51                dt
                0x00800d55                uart
                0x00800d67                PROVIDE (__bss_end, .)
                0x000080da                __data_load_start = LOADADDR (.data)
                0x000088ac                __data_load_end = (__data_load_start + SIZEOF (.data))

.noinit         0x00800d67        0x0
                [!provide]                PROVIDE (__noinit_start, .)
 *(.noinit*)
                [!provide]                PROVIDE (__noinit_end, .)
                0x00800d67                _end = .
                [!provide]                PROVIDE (__heap_start, .)

.eeprom         0x00810000        0x0
 *(.eeprom*)
                0x00810000                __eeprom_end = .

.fuse
 *(.fuse)
 *(.lfuse)
 *(.hfuse)
 *(.efuse)

.lock
 *(.lock*)

.signature
 *(.signature*)

.user_signatures
 *(.user_signatures*)

.stab
 *(.stab)

.stabstr
 *(.stabstr)

.stab.excl
 *(.stab.excl)

.stab.exclstr
 *(.stab.exclstr)

.stab.index
 *(.stab.index)

.stab.indexstr
 *(.stab.indexstr)

.comment        0x00000000       0x5c
 *(.comment)
 .comment       0x00000000       0x30 Library/74hc595.o
                                 0x31 (size before relaxing)
 .comment       0x00000030       0x31 Library/atcommands.o
 .comment       0x00000030       0x31 Library/atmega128analog.o
 .comment       0x00000030       0x31 Library/atmega128interrupt.o
 .comment       0x00000030       0x31 Library/atmega128mapping.o
 .comment       0x00000030       0x31 Library/atmega128spi.o
 .comment       0x00000030       0x31 Library/atmega128timer.o
 .comment       0x00000030       0x31 Library/atmega128twi.o
 .comment       0x00000030       0x31 Library/atmega128uart.o
 .comment       0x00000030       0x31 Library/buffer.o
 .comment       0x00000030       0x31 Library/function.o
 .comment       0x00000030       0x31 Library/keypad.o
 .comment       0x00000030       0x31 Library/lcd.o
 .comment       0x00000030       0x31 Library/lfsm.o
 .comment       0x00000030       0x31 Library/pcf8563rtc.o
 .comment       0x00000030       0x31 main.o
 .comment       0x00000030       0x31 c:/program files (x86)/atmel/studio/7.0/toolchain/avr8/avr8-gnu-toolchain/bin/../lib/gcc/avr/5.4.0/../../../../avr/lib/avr51\libc.a(vsnprintf.o)
 .comment       0x00000030       0x2c c:/program files (x86)/atmel/studio/7.0/toolchain/avr8/avr8-gnu-toolchain/bin/../lib/gcc/avr/5.4.0/../../../../avr/lib/avr51\libc.a(vfprintf_std.o)
                                 0x2d (size before relaxing)
 .comment       0x0000005c       0x31 c:/program files (x86)/atmel/studio/7.0/toolchain/avr8/avr8-gnu-toolchain/bin/../lib/gcc/avr/5.4.0/../../../../avr/lib/avr51\libc.a(fputc.o)

.note.gnu.avr.deviceinfo
                0x00000000       0x3c
 .note.gnu.avr.deviceinfo
                0x00000000       0x3c C:/Program Files (x86)/Atmel/Studio/7.0/Packs/atmel/ATmega_DFP/1.3.300/gcc/dev/atmega128/avr51/crtatmega128.o

.note.gnu.build-id
 *(.note.gnu.build-id)

.debug
 *(.debug)

.line
 *(.line)

.debug_srcinfo
 *(.debug_srcinfo)

.debug_sfnames
 *(.debug_sfnames)

.debug_aranges  0x00000000      0x7c0
 *(.debug_aranges)
 .debug_aranges
                0x00000000       0x40 Library/74hc595.o
 .debug_aranges
                0x00000040       0x30 Library/atcommands.o
 .debug_aranges
                0x00000070       0x30 Library/atmega128analog.o
 .debug_aranges
                0x000000a0       0x40 Library/atmega128interrupt.o
 .debug_aranges
                0x000000e0       0x48 Library/atmega128mapping.o
 .debug_aranges
                0x00000128       0x40 Library/atmega128spi.o
 .debug_aranges
                0x00000168       0xf8 Library/atmega128timer.o
 .debug_aranges
                0x00000260       0x60 Library/atmega128twi.o
 .debug_aranges
                0x000002c0       0xb8 Library/atmega128uart.o
 .debug_aranges
                0x00000378       0x38 Library/buffer.o
 .debug_aranges
                0x000003b0      0x160 Library/function.o
 .debug_aranges
                0x00000510       0x50 Library/keypad.o
 .debug_aranges
                0x00000560      0x100 Library/lcd.o
 .debug_aranges
                0x00000660       0x90 Library/lfsm.o
 .debug_aranges
                0x000006f0       0x98 Library/pcf8563rtc.o
 .debug_aranges
                0x00000788       0x38 main.o

.debug_pubnames
 *(.debug_pubnames)

.debug_info     0x00000000    0x172a6
 *(.debug_info .gnu.linkonce.wi.*)
 .debug_info    0x00000000      0x780 C:/Program Files (x86)/Atmel/Studio/7.0/Packs/atmel/ATmega_DFP/1.3.300/gcc/dev/atmega128/avr51/crtatmega128.o
 .debug_info    0x00000780      0x283 Library/74hc595.o
 .debug_info    0x00000a03      0x12f Library/atcommands.o
 .debug_info    0x00000b32     0x1d99 Library/atmega128analog.o
 .debug_info    0x000028cb     0x1ce1 Library/atmega128interrupt.o
 .debug_info    0x000045ac     0x1cef Library/atmega128mapping.o
 .debug_info    0x0000629b     0x1d3b Library/atmega128spi.o
 .debug_info    0x00007fd6     0x226a Library/atmega128timer.o
 .debug_info    0x0000a240     0x1f3e Library/atmega128twi.o
 .debug_info    0x0000c17e     0x23a8 Library/atmega128uart.o
 .debug_info    0x0000e526      0x257 Library/buffer.o
 .debug_info    0x0000e77d     0x1428 Library/function.o
 .debug_info    0x0000fba5      0x500 Library/keypad.o
 .debug_info    0x000100a5     0x13a3 Library/lcd.o
 .debug_info    0x00011448     0x11b9 Library/lfsm.o
 .debug_info    0x00012601      0x987 Library/pcf8563rtc.o
 .debug_info    0x00012f88     0x431e main.o

.debug_abbrev   0x00000000     0x292b
 *(.debug_abbrev)
 .debug_abbrev  0x00000000      0x718 C:/Program Files (x86)/Atmel/Studio/7.0/Packs/atmel/ATmega_DFP/1.3.300/gcc/dev/atmega128/avr51/crtatmega128.o
 .debug_abbrev  0x00000718      0x14b Library/74hc595.o
 .debug_abbrev  0x00000863       0xbb Library/atcommands.o
 .debug_abbrev  0x0000091e      0x217 Library/atmega128analog.o
 .debug_abbrev  0x00000b35      0x201 Library/atmega128interrupt.o
 .debug_abbrev  0x00000d36      0x173 Library/atmega128mapping.o
 .debug_abbrev  0x00000ea9      0x1f0 Library/atmega128spi.o
 .debug_abbrev  0x00001099      0x2a6 Library/atmega128timer.o
 .debug_abbrev  0x0000133f      0x27f Library/atmega128twi.o
 .debug_abbrev  0x000015be      0x38f Library/atmega128uart.o
 .debug_abbrev  0x0000194d      0x125 Library/buffer.o
 .debug_abbrev  0x00001a72      0x311 Library/function.o
 .debug_abbrev  0x00001d83      0x20a Library/keypad.o
 .debug_abbrev  0x00001f8d      0x2a6 Library/lcd.o
 .debug_abbrev  0x00002233      0x2f9 Library/lfsm.o
 .debug_abbrev  0x0000252c      0x19b Library/pcf8563rtc.o
 .debug_abbrev  0x000026c7      0x264 main.o

.debug_line     0x00000000     0x611b
 *(.debug_line .debug_line.* .debug_line_end)
 .debug_line    0x00000000      0x169 C:/Program Files (x86)/Atmel/Studio/7.0/Packs/atmel/ATmega_DFP/1.3.300/gcc/dev/atmega128/avr51/crtatmega128.o
 .debug_line    0x00000169      0x1a5 Library/74hc595.o
 .debug_line    0x0000030e      0x73b Library/atcommands.o
 .debug_line    0x00000a49      0x375 Library/atmega128analog.o
 .debug_line    0x00000dbe      0x51f Library/atmega128interrupt.o
 .debug_line    0x000012dd      0x1d6 Library/atmega128mapping.o
 .debug_line    0x000014b3      0x370 Library/atmega128spi.o
 .debug_line    0x00001823      0xcaa Library/atmega128timer.o
 .debug_line    0x000024cd      0x38d Library/atmega128twi.o
 .debug_line    0x0000285a      0x6fc Library/atmega128uart.o
 .debug_line    0x00002f56      0x139 Library/buffer.o
 .debug_line    0x0000308f      0x928 Library/function.o
 .debug_line    0x000039b7      0x3ff Library/keypad.o
 .debug_line    0x00003db6      0xd0e Library/lcd.o
 .debug_line    0x00004ac4      0x805 Library/lfsm.o
 .debug_line    0x000052c9      0x44a Library/pcf8563rtc.o
 .debug_line    0x00005713      0xa08 main.o

.debug_frame    0x00000000     0x17f8
 *(.debug_frame)
 .debug_frame   0x00000000       0xb4 Library/74hc595.o
 .debug_frame   0x000000b4       0x44 Library/atcommands.o
 .debug_frame   0x000000f8       0xb0 Library/atmega128analog.o
 .debug_frame   0x000001a8       0x74 Library/atmega128interrupt.o
 .debug_frame   0x0000021c       0x74 Library/atmega128mapping.o
 .debug_frame   0x00000290       0xa8 Library/atmega128spi.o
 .debug_frame   0x00000338      0x2d4 Library/atmega128timer.o
 .debug_frame   0x0000060c       0xd4 Library/atmega128twi.o
 .debug_frame   0x000006e0      0x2bc Library/atmega128uart.o
 .debug_frame   0x0000099c       0x54 Library/buffer.o
 .debug_frame   0x000009f0      0x4ac Library/function.o
 .debug_frame   0x00000e9c       0xb0 Library/keypad.o
 .debug_frame   0x00000f4c      0x2ac Library/lcd.o
 .debug_frame   0x000011f8      0x2e4 Library/lfsm.o
 .debug_frame   0x000014dc      0x234 Library/pcf8563rtc.o
 .debug_frame   0x00001710       0xe8 main.o

.debug_str      0x00000000     0x2255
 *(.debug_str)
 .debug_str     0x00000000      0x27d C:/Program Files (x86)/Atmel/Studio/7.0/Packs/atmel/ATmega_DFP/1.3.300/gcc/dev/atmega128/avr51/crtatmega128.o
 .debug_str     0x0000027d      0x1f7 Library/74hc595.o
                                0x24c (size before relaxing)
 .debug_str     0x00000474       0x4e Library/atcommands.o
                                0x1bf (size before relaxing)
 .debug_str     0x000004c2      0xb21 Library/atmega128analog.o
                                0xdda (size before relaxing)
 .debug_str     0x00000fe3       0x97 Library/atmega128interrupt.o
                                0xd71 (size before relaxing)
 .debug_str     0x0000107a       0x1e Library/atmega128mapping.o
                                0xd27 (size before relaxing)
 .debug_str     0x00001098       0xb1 Library/atmega128spi.o
                                0xd88 (size before relaxing)
 .debug_str     0x00001149      0x319 Library/atmega128timer.o
                                0xfff (size before relaxing)
 .debug_str     0x00001462      0x118 Library/atmega128twi.o
                                0xdf4 (size before relaxing)
 .debug_str     0x0000157a      0x1c5 Library/atmega128uart.o
                                0xee3 (size before relaxing)
 .debug_str     0x0000173f       0x46 Library/buffer.o
                                0x204 (size before relaxing)
 .debug_str     0x00001785      0x308 Library/function.o
                                0x640 (size before relaxing)
 .debug_str     0x00001a8d      0x135 Library/keypad.o
                                0x2e0 (size before relaxing)
 .debug_str     0x00001bc2      0x1dc Library/lcd.o
                                0x40d (size before relaxing)
 .debug_str     0x00001d9e      0x1e9 Library/lfsm.o
                                0x409 (size before relaxing)
 .debug_str     0x00001f87      0x200 Library/pcf8563rtc.o
                                0x462 (size before relaxing)
 .debug_str     0x00002187       0xce main.o
                               0x10ea (size before relaxing)

.debug_loc      0x00000000     0x8966
 *(.debug_loc)
 .debug_loc     0x00000000      0x2d7 Library/74hc595.o
 .debug_loc     0x000002d7      0x60e Library/atcommands.o
 .debug_loc     0x000008e5      0x2f4 Library/atmega128analog.o
 .debug_loc     0x00000bd9      0x36f Library/atmega128interrupt.o
 .debug_loc     0x00000f48      0x100 Library/atmega128mapping.o
 .debug_loc     0x00001048      0x2a9 Library/atmega128spi.o
 .debug_loc     0x000012f1      0xb5e Library/atmega128timer.o
 .debug_loc     0x00001e4f      0x3a6 Library/atmega128twi.o
 .debug_loc     0x000021f5      0xd9c Library/atmega128uart.o
 .debug_loc     0x00002f91      0x103 Library/buffer.o
 .debug_loc     0x00003094     0x1ac8 Library/function.o
 .debug_loc     0x00004b5c      0x403 Library/keypad.o
 .debug_loc     0x00004f5f     0x111a Library/lcd.o
 .debug_loc     0x00006079     0x1716 Library/lfsm.o
 .debug_loc     0x0000778f      0x83c Library/pcf8563rtc.o
 .debug_loc     0x00007fcb      0x99b main.o

.debug_macinfo
 *(.debug_macinfo)

.debug_weaknames
 *(.debug_weaknames)

.debug_funcnames
 *(.debug_funcnames)

.debug_typenames
 *(.debug_typenames)

.debug_varnames
 *(.debug_varnames)

.debug_pubtypes
 *(.debug_pubtypes)

.debug_ranges   0x00000000      0x6c0
 *(.debug_ranges)
 .debug_ranges  0x00000000       0x30 Library/74hc595.o
 .debug_ranges  0x00000030       0x20 Library/atcommands.o
 .debug_ranges  0x00000050       0x20 Library/atmega128analog.o
 .debug_ranges  0x00000070       0x30 Library/atmega128interrupt.o
 .debug_ranges  0x000000a0       0x38 Library/atmega128mapping.o
 .debug_ranges  0x000000d8       0x30 Library/atmega128spi.o
 .debug_ranges  0x00000108       0xe8 Library/atmega128timer.o
 .debug_ranges  0x000001f0       0x50 Library/atmega128twi.o
 .debug_ranges  0x00000240       0xa8 Library/atmega128uart.o
 .debug_ranges  0x000002e8       0x28 Library/buffer.o
 .debug_ranges  0x00000310      0x150 Library/function.o
 .debug_ranges  0x00000460       0x40 Library/keypad.o
 .debug_ranges  0x000004a0       0xf0 Library/lcd.o
 .debug_ranges  0x00000590       0x80 Library/lfsm.o
 .debug_ranges  0x00000610       0x88 Library/pcf8563rtc.o
 .debug_ranges  0x00000698       0x28 main.o

.debug_macro
 *(.debug_macro)
OUTPUT(Atmega128.elf elf32-avr)
LOAD linker stubs
