Archive member included to satisfy reference by file (symbol)

c:/program files (x86)/atmel/studio/7.0/toolchain/avr8/avr8-gnu-toolchain/bin/../lib/gcc/avr/5.4.0/../../../../avr/lib/avr51\libm.a(addsf3.o)
                              Livraria/Src/function.o (__subsf3)
c:/program files (x86)/atmel/studio/7.0/toolchain/avr8/avr8-gnu-toolchain/bin/../lib/gcc/avr/5.4.0/../../../../avr/lib/avr51\libm.a(addsf3x.o)
                              c:/program files (x86)/atmel/studio/7.0/toolchain/avr8/avr8-gnu-toolchain/bin/../lib/gcc/avr/5.4.0/../../../../avr/lib/avr51\libm.a(addsf3.o) (__addsf3x)
c:/program files (x86)/atmel/studio/7.0/toolchain/avr8/avr8-gnu-toolchain/bin/../lib/gcc/avr/5.4.0/../../../../avr/lib/avr51\libm.a(cmpsf2.o)
                              Livraria/Src/function.o (__ltsf2)
c:/program files (x86)/atmel/studio/7.0/toolchain/avr8/avr8-gnu-toolchain/bin/../lib/gcc/avr/5.4.0/../../../../avr/lib/avr51\libm.a(divsf3.o)
                              Livraria/Src/znpid.o (__divsf3)
c:/program files (x86)/atmel/studio/7.0/toolchain/avr8/avr8-gnu-toolchain/bin/../lib/gcc/avr/5.4.0/../../../../avr/lib/avr51\libm.a(divsf3x.o)
                              c:/program files (x86)/atmel/studio/7.0/toolchain/avr8/avr8-gnu-toolchain/bin/../lib/gcc/avr/5.4.0/../../../../avr/lib/avr51\libm.a(divsf3.o) (__divsf3x)
c:/program files (x86)/atmel/studio/7.0/toolchain/avr8/avr8-gnu-toolchain/bin/../lib/gcc/avr/5.4.0/../../../../avr/lib/avr51\libm.a(fixunssfsi.o)
                              Livraria/Src/function.o (__fixunssfsi)
c:/program files (x86)/atmel/studio/7.0/toolchain/avr8/avr8-gnu-toolchain/bin/../lib/gcc/avr/5.4.0/../../../../avr/lib/avr51\libm.a(floatsisf.o)
                              Livraria/Src/function.o (__floatunsisf)
c:/program files (x86)/atmel/studio/7.0/toolchain/avr8/avr8-gnu-toolchain/bin/../lib/gcc/avr/5.4.0/../../../../avr/lib/avr51\libm.a(fp_cmp.o)
                              c:/program files (x86)/atmel/studio/7.0/toolchain/avr8/avr8-gnu-toolchain/bin/../lib/gcc/avr/5.4.0/../../../../avr/lib/avr51\libm.a(cmpsf2.o) (__fp_cmp)
c:/program files (x86)/atmel/studio/7.0/toolchain/avr8/avr8-gnu-toolchain/bin/../lib/gcc/avr/5.4.0/../../../../avr/lib/avr51\libm.a(fp_inf.o)
                              c:/program files (x86)/atmel/studio/7.0/toolchain/avr8/avr8-gnu-toolchain/bin/../lib/gcc/avr/5.4.0/../../../../avr/lib/avr51\libm.a(addsf3x.o) (__fp_inf)
c:/program files (x86)/atmel/studio/7.0/toolchain/avr8/avr8-gnu-toolchain/bin/../lib/gcc/avr/5.4.0/../../../../avr/lib/avr51\libm.a(fp_nan.o)
                              c:/program files (x86)/atmel/studio/7.0/toolchain/avr8/avr8-gnu-toolchain/bin/../lib/gcc/avr/5.4.0/../../../../avr/lib/avr51\libm.a(addsf3x.o) (__fp_nan)
c:/program files (x86)/atmel/studio/7.0/toolchain/avr8/avr8-gnu-toolchain/bin/../lib/gcc/avr/5.4.0/../../../../avr/lib/avr51\libm.a(fp_pscA.o)
                              c:/program files (x86)/atmel/studio/7.0/toolchain/avr8/avr8-gnu-toolchain/bin/../lib/gcc/avr/5.4.0/../../../../avr/lib/avr51\libm.a(addsf3x.o) (__fp_pscA)
c:/program files (x86)/atmel/studio/7.0/toolchain/avr8/avr8-gnu-toolchain/bin/../lib/gcc/avr/5.4.0/../../../../avr/lib/avr51\libm.a(fp_pscB.o)
                              c:/program files (x86)/atmel/studio/7.0/toolchain/avr8/avr8-gnu-toolchain/bin/../lib/gcc/avr/5.4.0/../../../../avr/lib/avr51\libm.a(addsf3x.o) (__fp_pscB)
c:/program files (x86)/atmel/studio/7.0/toolchain/avr8/avr8-gnu-toolchain/bin/../lib/gcc/avr/5.4.0/../../../../avr/lib/avr51\libm.a(fp_round.o)
                              c:/program files (x86)/atmel/studio/7.0/toolchain/avr8/avr8-gnu-toolchain/bin/../lib/gcc/avr/5.4.0/../../../../avr/lib/avr51\libm.a(addsf3.o) (__fp_round)
c:/program files (x86)/atmel/studio/7.0/toolchain/avr8/avr8-gnu-toolchain/bin/../lib/gcc/avr/5.4.0/../../../../avr/lib/avr51\libm.a(fp_split3.o)
                              c:/program files (x86)/atmel/studio/7.0/toolchain/avr8/avr8-gnu-toolchain/bin/../lib/gcc/avr/5.4.0/../../../../avr/lib/avr51\libm.a(addsf3x.o) (__fp_split3)
c:/program files (x86)/atmel/studio/7.0/toolchain/avr8/avr8-gnu-toolchain/bin/../lib/gcc/avr/5.4.0/../../../../avr/lib/avr51\libm.a(fp_zero.o)
                              c:/program files (x86)/atmel/studio/7.0/toolchain/avr8/avr8-gnu-toolchain/bin/../lib/gcc/avr/5.4.0/../../../../avr/lib/avr51\libm.a(addsf3x.o) (__fp_zero)
c:/program files (x86)/atmel/studio/7.0/toolchain/avr8/avr8-gnu-toolchain/bin/../lib/gcc/avr/5.4.0/../../../../avr/lib/avr51\libm.a(gesf2.o)
                              Livraria/Src/znpid.o (__gtsf2)
c:/program files (x86)/atmel/studio/7.0/toolchain/avr8/avr8-gnu-toolchain/bin/../lib/gcc/avr/5.4.0/../../../../avr/lib/avr51\libm.a(mulsf3.o)
                              Livraria/Src/function.o (__mulsf3)
c:/program files (x86)/atmel/studio/7.0/toolchain/avr8/avr8-gnu-toolchain/bin/../lib/gcc/avr/5.4.0/../../../../avr/lib/avr51\libm.a(mulsf3x.o)
[...]
Memory Configuration

Name             Origin             Length             Attributes
text             0x00000000         0x00020000         xr
data             0x00800100         0x0000ff00         rw !x
eeprom           0x00810000         0x00010000         rw !x
fuse             0x00820000         0x00000003         rw !x
lock             0x00830000         0x00000400         rw !x
signature        0x00840000         0x00000400         rw !x
user_signatures  0x00850000         0x00000400         rw !x
*default*        0x00000000         0xffffffff

Linker script and memory map

Address of section .data set to 0x800100
LOAD C:/Program Files (x86)/Atmel/Studio/7.0/Packs/atmel/ATmega_DFP/1.3.300/gcc/dev/atmega128/avr51/crtatmega128.o
LOAD Livraria/Src/74hc595.o
LOAD Livraria/Src/atmega128analog.o
LOAD Livraria/Src/atmega128interrupt.o
LOAD Livraria/Src/atmega128mapping.o
LOAD Livraria/Src/atmega128spi.o
LOAD Livraria/Src/atmega128timer0.o
LOAD Livraria/Src/atmega128timer1.o
LOAD Livraria/Src/atmega128timer2.o
LOAD Livraria/Src/atmega128timer3.o
LOAD Livraria/Src/atmega128twi.o
LOAD Livraria/Src/atmega128usart0.o
LOAD Livraria/Src/atmega128usart1.o
LOAD Livraria/Src/atmegaeeprom.o
LOAD Livraria/Src/bt05atcommands.o
LOAD Livraria/Src/buffer.o
LOAD Livraria/Src/clock.o
LOAD Livraria/Src/esp01atcommands.o
LOAD Livraria/Src/explode.o
LOAD Livraria/Src/function.o
LOAD Livraria/Src/hc05atcommands.o
LOAD Livraria/Src/hc42atcommands.o
LOAD Livraria/Src/hx711.o
LOAD Livraria/Src/keypad.o
LOAD Livraria/Src/lcd.o
LOAD Livraria/Src/lcd2p.o
LOAD Livraria/Src/lfsm.o
LOAD Livraria/Src/mm74c923.o
LOAD Livraria/Src/pcf8563rtc.o
LOAD Livraria/Src/query.o
LOAD Livraria/Src/rotenc.o
LOAD Livraria/Src/watch.o
LOAD Livraria/Src/znpid.o
LOAD main.o
START GROUP
LOAD c:/program files (x86)/atmel/studio/7.0/toolchain/avr8/avr8-gnu-toolchain/bin/../lib/gcc/avr/5.4.0/../../../../avr/lib/avr51\libm.a
END GROUP
START GROUP
LOAD c:/program files (x86)/atmel/studio/7.0/toolchain/avr8/avr8-gnu-toolchain/bin/../lib/gcc/avr/5.4.0/avr51\libgcc.a
LOAD c:/program files (x86)/atmel/studio/7.0/toolchain/avr8/avr8-gnu-toolchain/bin/../lib/gcc/avr/5.4.0/../../../../avr/lib/avr51\libm.a
LOAD c:/program files (x86)/atmel/studio/7.0/toolchain/avr8/avr8-gnu-toolchain/bin/../lib/gcc/avr/5.4.0/../../../../avr/lib/avr51\libc.a
LOAD C:/Program Files (x86)/Atmel/Studio/7.0/Packs/atmel/ATmega_DFP/1.3.300/gcc/dev/atmega128/avr51\libatmega128.a
END GROUP
                0x00000000                __TEXT_REGION_ORIGIN__ = DEFINED (__TEXT_REGION_ORIGIN__)?__TEXT_REGION_ORIGIN__:0x0
                0x00800100                __DATA_REGION_ORIGIN__ = DEFINED (__DATA_REGION_ORIGIN__)?__DATA_REGION_ORIGIN__:0x800100
                0x00020000                __TEXT_REGION_LENGTH__ = DEFINED (__TEXT_REGION_LENGTH__)?__TEXT_REGION_LENGTH__:0x20000
                0x0000ff00                __DATA_REGION_LENGTH__ = DEFINED (__DATA_REGION_LENGTH__)?__DATA_REGION_LENGTH__:0xff00
                0x00010000                __EEPROM_REGION_LENGTH__ = DEFINED (__EEPROM_REGION_LENGTH__)?__EEPROM_REGION_LENGTH__:0x10000
                [0x00000003]                __FUSE_REGION_LENGTH__ = DEFINED (__FUSE_REGION_LENGTH__)?__FUSE_REGION_LENGTH__:0x400
                0x00000400                __LOCK_REGION_LENGTH__ = DEFINED (__LOCK_REGION_LENGTH__)?__LOCK_REGION_LENGTH__:0x400
                0x00000400                __SIGNATURE_REGION_LENGTH__ = DEFINED (__SIGNATURE_REGION_LENGTH__)?__SIGNATURE_REGION_LENGTH__:0x400
                0x00000400                __USER_SIGNATURE_REGION_LENGTH__ = DEFINED (__USER_SIGNATURE_REGION_LENGTH__)?__USER_SIGNATURE_REGION_LENGTH__:0x400

.hash
 *(.hash)

.dynsym
 *(.dynsym)

.dynstr
 *(.dynstr)

.gnu.version
 *(.gnu.version)

.gnu.version_d
 *(.gnu.version_d)

.gnu.version_r
 *(.gnu.version_r)

.rel.init
 *(.rel.init)

.rela.init
 *(.rela.init)

.rel.text
 *(.rel.text)
 *(.rel.text.*)
 *(.rel.gnu.linkonce.t*)

.rela.text
 *(.rela.text)
 *(.rela.text.*)
 *(.rela.gnu.linkonce.t*)

.rel.fini
 *(.rel.fini)

.rela.fini
 *(.rela.fini)

.rel.rodata
 *(.rel.rodata)
 *(.rel.rodata.*)
 *(.rel.gnu.linkonce.r*)

.rela.rodata
 *(.rela.rodata)
 *(.rela.rodata.*)
 *(.rela.gnu.linkonce.r*)

.rel.data
 *(.rel.data)
 *(.rel.data.*)
 *(.rel.gnu.linkonce.d*)

.rela.data
 *(.rela.data)
 *(.rela.data.*)
 *(.rela.gnu.linkonce.d*)

.rel.ctors
 *(.rel.ctors)

.rela.ctors
 *(.rela.ctors)

.rel.dtors
 *(.rel.dtors)

.rela.dtors
 *(.rela.dtors)

.rel.got
 *(.rel.got)

.rela.got
 *(.rela.got)

.rel.bss
 *(.rel.bss)

.rela.bss
 *(.rela.bss)

.rel.plt
 *(.rel.plt)

.rela.plt
 *(.rela.plt)

.text           0x00000000     0x8908
 *(.vectors)
 .vectors       0x00000000       0x8c C:/Program Files (x86)/Atmel/Studio/7.0/Packs/atmel/ATmega_DFP/1.3.300/gcc/dev/atmega128/avr51/crtatmega128.o
                0x00000000                __vector_default
                0x00000000                __vectors
 *(.vectors)
 *(.progmem.gcc*)
 .progmem.gcc_sw_table.INTERRUPT_set
                0x0000008c       0x10 Livraria/Src/atmega128interrupt.o
 .progmem.gcc_sw_table.INTERRUPT_off
                0x0000009c       0x10 Livraria/Src/atmega128interrupt.o
 .progmem.gcc_sw_table.INTERRUPT_on
                0x000000ac       0x10 Livraria/Src/atmega128interrupt.o
 .progmem.gcc_sw_table.tc1_enable
                0x000000bc       0x36 Livraria/Src/atmega128timer1.o
 .progmem.gcc_sw_table.tc3_enable
                0x000000f2       0x36 Livraria/Src/atmega128timer3.o
 .progmem.gcc_sw_table.hc05at_cmd
                0x00000128      0x108 Livraria/Src/hc05atcommands.o
 .progmem.gcc_sw_table.main
                0x00000230       0x10 main.o
                0x00000240                . = ALIGN (0x2)
                0x00000240                __trampolines_start = .
 *(.trampolines)
 .trampolines   0x00000240        0x0 linker stubs
 *(.trampolines*)
                0x00000240                __trampolines_end = .
 *libprintf_flt.a:*(.progmem.data)
 *libc.a:*(.progmem.data)
 *(.progmem*)
                0x00000240                . = ALIGN (0x2)
 *(.jumptables)
 *(.jumptables*)
 *(.lowtext)
 *(.lowtext*)
                0x00000240                __ctors_start = .
 *(.ctors)
                0x00000240                __ctors_end = .
                0x00000240                __dtors_start = .
 *(.dtors)
                0x00000240                __dtors_end = .
 SORT(*)(.ctors)
 SORT(*)(.dtors)
 *(.init0)
 .init0         0x00000240        0x0 C:/Program Files (x86)/Atmel/Studio/7.0/Packs/atmel/ATmega_DFP/1.3.300/gcc/dev/atmega128/avr51/crtatmega128.o
                0x00000240                __init
 *(.init0)
 *(.init1)
 *(.init1)
 *(.init2)
 .init2         0x00000240        0xc C:/Program Files (x86)/Atmel/Studio/7.0/Packs/atmel/ATmega_DFP/1.3.300/gcc/dev/atmega128/avr51/crtatmega128.o
 *(.init2)
 *(.init3)
 *(.init3)
 *(.init4)
 .init4         0x0000024c       0x1a c:/program files (x86)/atmel/studio/7.0/toolchain/avr8/avr8-gnu-toolchain/bin/../lib/gcc/avr/5.4.0/avr51\libgcc.a(_copy_data.o)
                0x0000024c                __do_copy_data
 .init4         0x00000266       0x10 c:/program files (x86)/atmel/studio/7.0/toolchain/avr8/avr8-gnu-toolchain/bin/../lib/gcc/avr/5.4.0/avr51\libgcc.a(_clear_bss.o)
                0x00000266                __do_clear_bss
 *(.init4)
 *(.init5)
 *(.init5)
 *(.init6)
 *(.init6)
 *(.init7)
 *(.init7)
 *(.init8)
 *(.init8)
 *(.init9)
 .init9         0x00000276        0x8 C:/Program Files (x86)/Atmel/Studio/7.0/Packs/atmel/ATmega_DFP/1.3.300/gcc/dev/atmega128/avr51/crtatmega128.o
 *(.init9)
 *(.text)
 .text          0x0000027e        0x2 C:/Program Files (x86)/Atmel/Studio/7.0/Packs/atmel/ATmega_DFP/1.3.300/gcc/dev/atmega128/avr51/crtatmega128.o
                0x0000027e                __vector_22
                0x0000027e                __vector_28
                0x0000027e                __vector_1
                0x0000027e                __vector_32
                0x0000027e                __vector_34
                0x0000027e                __vector_24
                0x0000027e                __vector_12
                0x0000027e                __bad_interrupt
                0x0000027e                __vector_6
                0x0000027e                __vector_3
                0x0000027e                __vector_23
                0x0000027e                __vector_25
                0x0000027e                __vector_11
                0x0000027e                __vector_13
                0x0000027e                __vector_17
                0x0000027e                __vector_7
                0x0000027e                __vector_27
                0x0000027e                __vector_5
                0x0000027e                __vector_33
                0x0000027e                __vector_4
                0x0000027e                __vector_2
                0x0000027e                __vector_29
                0x0000027e                __vector_8
                0x0000027e                __vector_26
                0x0000027e                __vector_14
                0x0000027e                __vector_10
                0x0000027e                __vector_16
                0x0000027e                __vector_20
                0x00000280                . = ALIGN (0x2)
 *(.text.*)
 .text.HC595_shift_bit
                0x00000280       0x74 Livraria/Src/74hc595.o
                0x00000280                HC595_shift_bit
 .text.HC595_shift_out
                0x000002f4       0x38 Livraria/Src/74hc595.o
                0x000002f4                HC595_shift_out
 .text.HC595_shift_ibyte
                0x0000032c       0x4c Livraria/Src/74hc595.o
                0x0000032c                HC595_shift_ibyte
 .text.HC595_shift_byte
                0x00000378       0x48 Livraria/Src/74hc595.o
                0x00000378                HC595_shift_byte
 .text.hc595_par_inic
                0x000003c0       0x92 Livraria/Src/74hc595.o
                0x000003c0                hc595_par_inic
 .text.hc595_enable
                0x00000452       0x50 Livraria/Src/74hc595.o
                0x00000452                hc595_enable
 .text.ANALOG_read
                0x000004a2       0x24 Livraria/Src/atmega128analog.o
                0x000004a2                ANALOG_read
 .text.adc_enable
                0x000004c6      0x208 Livraria/Src/atmega128analog.o
                0x000004c6                adc_enable
 .text.adc      0x000006ce        0x6 Livraria/Src/atmega128analog.o
                0x000006ce                adc
 .text.__vector_21
                0x000006d4      0x128 Livraria/Src/atmega128analog.o
                0x000006d4                __vector_21
 .text.INTERRUPT_reset_status
                0x000007fc       0xae Livraria/Src/atmega128interrupt.o
                0x000007fc                INTERRUPT_reset_status
 .text.INTERRUPT_set
                0x000008aa      0x452 Livraria/Src/atmega128interrupt.o
                0x000008aa                INTERRUPT_set
 .text.INTERRUPT_off
                0x00000cfc       0xc4 Livraria/Src/atmega128interrupt.o
                0x00000cfc                INTERRUPT_off
 .text.INTERRUPT_on
                0x00000dc0      0x144 Livraria/Src/atmega128interrupt.o
                0x00000dc0                INTERRUPT_on
 .text.exint_enable
                0x00000f04       0x76 Livraria/Src/atmega128interrupt.o
                0x00000f04                exint_enable
 .text.exint    0x00000f7a        0x6 Livraria/Src/atmega128interrupt.o
                0x00000f7a                exint
 .text.ClockPrescalerSelect
                0x00000f80       0x48 Livraria/Src/atmega128mapping.o
                0x00000f80                ClockPrescalerSelect
 .text.MoveInterruptsToBoot
                0x00000fc8       0x3c Livraria/Src/atmega128mapping.o
                0x00000fc8                MoveInterruptsToBoot
 .text.atmega128_enable
                0x00001004      0x21a Livraria/Src/atmega128mapping.o
                0x00001004                atmega128_enable
 .text.atmega128
                0x0000121e        0x6 Livraria/Src/atmega128mapping.o
                0x0000121e                atmega128
 .text.spi_transfer_sync
                0x00001224       0x70 Livraria/Src/atmega128spi.o
                0x00001224                spi_transfer_sync
 .text.spi_transmit_sync
                0x00001294       0x50 Livraria/Src/atmega128spi.o
                0x00001294                spi_transmit_sync
 .text.spi_fast_shift
                0x000012e4       0x36 Livraria/Src/atmega128spi.o
                0x000012e4                spi_fast_shift
 .text.spi_enable
                0x0000131a      0x336 Livraria/Src/atmega128spi.o
                0x0000131a                spi_enable
 .text.spi      0x00001650        0x6 Livraria/Src/atmega128spi.o
                0x00001650                spi
 .text.TIMER_COUNTER0_start
                0x00001656      0x108 Livraria/Src/atmega128timer0.o
                0x00001656                TIMER_COUNTER0_start
 .text.TIMER_COUNTER0_compoutmode
                0x0000175e       0x90 Livraria/Src/atmega128timer0.o
                0x0000175e                TIMER_COUNTER0_compoutmode
 .text.TIMER_COUNTER0_compare
                0x000017ee       0x16 Livraria/Src/atmega128timer0.o
                0x000017ee                TIMER_COUNTER0_compare
 .text.TIMER_COUNTER0_stop
                0x00001804       0x1a Livraria/Src/atmega128timer0.o
                0x00001804                TIMER_COUNTER0_stop
 .text.tc0_enable
                0x0000181e      0x180 Livraria/Src/atmega128timer0.o
                0x0000181e                tc0_enable
 .text.tc0      0x0000199e        0x6 Livraria/Src/atmega128timer0.o
                0x0000199e                tc0
 .text.TIMER_COUNTER1_start
                0x000019a4      0x102 Livraria/Src/atmega128timer1.o
                0x000019a4                TIMER_COUNTER1_start
 .text.TIMER_COUNTER1_compoutmodeA
                0x00001aa6       0x96 Livraria/Src/atmega128timer1.o
                0x00001aa6                TIMER_COUNTER1_compoutmodeA
 .text.TIMER_COUNTER1_compoutmodeB
                0x00001b3c       0x96 Livraria/Src/atmega128timer1.o
                0x00001b3c                TIMER_COUNTER1_compoutmodeB
 .text.TIMER_COUNTER1_compoutmodeC
                0x00001bd2       0x96 Livraria/Src/atmega128timer1.o
                0x00001bd2                TIMER_COUNTER1_compoutmodeC
 .text.TIMER_COUNTER1_stop
                0x00001c68       0x1a Livraria/Src/atmega128timer1.o
                0x00001c68                TIMER_COUNTER1_stop
 .text.TIMER_COUNTER1_compareA
                0x00001c82       0x26 Livraria/Src/atmega128timer1.o
                0x00001c82                TIMER_COUNTER1_compareA
 .text.TIMER_COUNTER1_compareB
                0x00001ca8       0x26 Livraria/Src/atmega128timer1.o
                0x00001ca8                TIMER_COUNTER1_compareB
 .text.TIMER_COUNTER1_compareC
                0x00001cce       0x26 Livraria/Src/atmega128timer1.o
                0x00001cce                TIMER_COUNTER1_compareC
 .text.tc1_enable
                0x00001cf4      0x51a Livraria/Src/atmega128timer1.o
                0x00001cf4                tc1_enable
 .text.tc1      0x0000220e        0x6 Livraria/Src/atmega128timer1.o
                0x0000220e                tc1
 .text.TIMER_COUNTER2_start
                0x00002214      0x114 Livraria/Src/atmega128timer2.o
                0x00002214                TIMER_COUNTER2_start
 .text.TIMER_COUNTER2_compoutmode
                0x00002328       0xa4 Livraria/Src/atmega128timer2.o
                0x00002328                TIMER_COUNTER2_compoutmode
 .text.TIMER_COUNTER2_compare
                0x000023cc       0x18 Livraria/Src/atmega128timer2.o
                0x000023cc                TIMER_COUNTER2_compare
 .text.TIMER_COUNTER2_stop
                0x000023e4       0x1c Livraria/Src/atmega128timer2.o
                0x000023e4                TIMER_COUNTER2_stop
 .text.tc2_enable
                0x00002400      0x19c Livraria/Src/atmega128timer2.o
                0x00002400                tc2_enable
 .text.tc2      0x0000259c        0x6 Livraria/Src/atmega128timer2.o
                0x0000259c                tc2
 .text.TIMER_COUNTER3_start
                0x000025a2      0x114 Livraria/Src/atmega128timer3.o
                0x000025a2                TIMER_COUNTER3_start
 .text.TIMER_COUNTER3_compoutmodeA
                0x000026b6       0xa4 Livraria/Src/atmega128timer3.o
                0x000026b6                TIMER_COUNTER3_compoutmodeA
 .text.TIMER_COUNTER3_compoutmodeB
                0x0000275a       0xa4 Livraria/Src/atmega128timer3.o
                0x0000275a                TIMER_COUNTER3_compoutmodeB
 .text.TIMER_COUNTER3_compoutmodeC
                0x000027fe       0xa4 Livraria/Src/atmega128timer3.o
                0x000027fe                TIMER_COUNTER3_compoutmodeC
 .text.TIMER_COUNTER3_stop
                0x000028a2       0x1c Livraria/Src/atmega128timer3.o
                0x000028a2                TIMER_COUNTER3_stop
 .text.TIMER_COUNTER3_compareA
                0x000028be       0x28 Livraria/Src/atmega128timer3.o
                0x000028be                TIMER_COUNTER3_compareA
 .text.TIMER_COUNTER3_compareB
                0x000028e6       0x28 Livraria/Src/atmega128timer3.o
                0x000028e6                TIMER_COUNTER3_compareB
 .text.TIMER_COUNTER3_compareC
                0x0000290e       0x28 Livraria/Src/atmega128timer3.o
                0x0000290e                TIMER_COUNTER3_compareC
 .text.tc3_enable
                0x00002936      0x534 Livraria/Src/atmega128timer3.o
                0x00002936                tc3_enable
 .text.tc3      0x00002e6a        0x6 Livraria/Src/atmega128timer3.o
                0x00002e6a                tc3
 .text.TWI_status
                0x00002e70       0x14 Livraria/Src/atmega128twi.o
                0x00002e70                TWI_status
 .text.TWI_stop
                0x00002e84       0x20 Livraria/Src/atmega128twi.o
                0x00002e84                TWI_stop
 .text.twi      0x00002ea4        0x6 Livraria/Src/atmega128twi.o
                0x00002ea4                twi
 .text.TWI_init
                0x00002eaa      0x13a Livraria/Src/atmega128twi.o
                0x00002eaa                TWI_init
 .text.twi_enable
                0x00002fe4       0x58 Livraria/Src/atmega128twi.o
                0x00002fe4                twi_enable
 .text.TWI_wait_twint
                0x0000303c       0x36 Livraria/Src/atmega128twi.o
                0x0000303c                TWI_wait_twint
 .text.TWI_start
                0x00003072       0x22 Livraria/Src/atmega128twi.o
                0x00003072                TWI_start
 .text.TWI_connect
                0x00003094       0x4a Livraria/Src/atmega128twi.o
                0x00003094                TWI_connect
 .text.TWI_master_write
                0x000030de       0x38 Livraria/Src/atmega128twi.o
                0x000030de                TWI_master_write
 .text.TWI_master_read
                0x00003116       0x40 Livraria/Src/atmega128twi.o
                0x00003116                TWI_master_read
 .text.uart0_read
                0x00003156        0xa Livraria/Src/atmega128usart0.o
                0x00003156                uart0_read
 .text.uart0_gets
                0x00003160       0x10 Livraria/Src/atmega128usart0.o
                0x00003160                uart0_gets
 .text.uart0_rxflush
                0x00003170       0x14 Livraria/Src/atmega128usart0.o
                0x00003170                uart0_rxflush
 .text.uart0_write
                0x00003184       0x2c Livraria/Src/atmega128usart0.o
                0x00003184                uart0_write
 .text.uart0_putch
                0x000031b0        0x4 Livraria/Src/atmega128usart0.o
                0x000031b0                uart0_putch
 .text.uart0_puts
                0x000031b4       0x1c Livraria/Src/atmega128usart0.o
                0x000031b4                uart0_puts
 .text.uart0_getch
                0x000031d0        0xa Livraria/Src/atmega128usart0.o
                0x000031d0                uart0_getch
 .text.usart0   0x000031da        0x6 Livraria/Src/atmega128usart0.o
                0x000031da                usart0
 .text.__vector_19
                0x000031e0       0x58 Livraria/Src/atmega128usart0.o
                0x000031e0                __vector_19
 .text.USART0ReadErrors
                0x00003238        0xc Livraria/Src/atmega128usart0.o
                0x00003238                USART0ReadErrors
 .text.__vector_18
                0x00003244       0x7c Livraria/Src/atmega128usart0.o
                0x00003244                __vector_18
 .text.USART0DoubleTransmissionSpeed
                0x000032c0       0x10 Livraria/Src/atmega128usart0.o
                0x000032c0                USART0DoubleTransmissionSpeed
 .text.usart0_enable
                0x000032d0      0x2ec Livraria/Src/atmega128usart0.o
                0x000032d0                usart0_enable
 .text.uart1_read
                0x000035bc        0xa Livraria/Src/atmega128usart1.o
                0x000035bc                uart1_read
 .text.uart1_gets
                0x000035c6       0x10 Livraria/Src/atmega128usart1.o
                0x000035c6                uart1_gets
 .text.uart1_rxflush
                0x000035d6       0x14 Livraria/Src/atmega128usart1.o
                0x000035d6                uart1_rxflush
 .text.uart1_write
                0x000035ea       0x36 Livraria/Src/atmega128usart1.o
                0x000035ea                uart1_write
 .text.uart1_putch
                0x00003620        0x4 Livraria/Src/atmega128usart1.o
                0x00003620                uart1_putch
 .text.uart1_puts
                0x00003624       0x1c Livraria/Src/atmega128usart1.o
                0x00003624                uart1_puts
 .text.uart1_getch
                0x00003640        0xa Livraria/Src/atmega128usart1.o
                0x00003640                uart1_getch
 .text.usart1   0x0000364a        0x6 Livraria/Src/atmega128usart1.o
                0x0000364a                usart1
 .text.__vector_31
                0x00003650       0x58 Livraria/Src/atmega128usart1.o
                0x00003650                __vector_31
 .text.usart1_messageprint
                0x000036a8      0x100 Livraria/Src/atmega128usart1.o
                0x000036a8                usart1_messageprint
 .text.USART1ReadErrors
                0x000037a8        0xe Livraria/Src/atmega128usart1.o
                0x000037a8                USART1ReadErrors
 .text.__vector_30
                0x000037b6       0x7c Livraria/Src/atmega128usart1.o
                0x000037b6                __vector_30
 .text.USART1DoubleTransmissionSpeed
                0x00003832       0x10 Livraria/Src/atmega128usart1.o
                0x00003832                USART1DoubleTransmissionSpeed
 .text.usart1_enable
                0x00003842      0x29e Livraria/Src/atmega128usart1.o
                0x00003842                usart1_enable
 .text.eeprom_enable
                0x00003ae0       0x72 Livraria/Src/atmegaeeprom.o
                0x00003ae0                eeprom_enable
 .text.eeprom   0x00003b52        0x6 Livraria/Src/atmegaeeprom.o
                0x00003b52                eeprom
 .text.BUFF_push
                0x00003b58       0x36 Livraria/Src/buffer.o
                0x00003b58                BUFF_push
 .text.BUFF_raw
                0x00003b8e        0x8 Livraria/Src/buffer.o
                0x00003b8e                BUFF_raw
 .text.BUFF_flush
                0x00003b96       0x14 Livraria/Src/buffer.o
                0x00003b96                BUFF_flush
 .text.buff_enable
                0x00003baa       0x2e Livraria/Src/buffer.o
                0x00003baa                buff_enable
 .text.FUNCmayia
                0x00003bd8       0x38 Livraria/Src/function.o
                0x00003bd8                FUNCmayia
 .text.FUNC_swap
                0x00003c10       0x42 Livraria/Src/function.o
                0x00003c10                FUNC_swap
 .text.FUNCcopy
                0x00003c52       0x1c Livraria/Src/function.o
                0x00003c52                FUNCcopy
 .text.FUNCsqueeze
                0x00003c6e       0x44 Livraria/Src/function.o
                0x00003c6e                FUNCsqueeze
 .text.FUNCshellsort
                0x00003cb2      0x14c Livraria/Src/function.o
                0x00003cb2                FUNCshellsort
 .text.FUNCpmax
                0x00003dfe        0xa Livraria/Src/function.o
                0x00003dfe                FUNCpmax
 .text.FUNCgcd  0x00003e08       0x1e Livraria/Src/function.o
                0x00003e08                FUNCgcd
 .text.FUNCstrToInt
                0x00003e26       0x48 Livraria/Src/function.o
                0x00003e26                FUNCstrToInt
 .text.FUNCtwocomptoint8bit
                0x00003e6e       0x1a Livraria/Src/function.o
                0x00003e6e                FUNCtwocomptoint8bit
 .text.FUNCtwocomptoint10bit
                0x00003e88       0x18 Livraria/Src/function.o
                0x00003e88                FUNCtwocomptoint10bit
 .text.FUNCtwocomptointnbit
                0x00003ea0       0x30 Livraria/Src/function.o
                0x00003ea0                FUNCtwocomptointnbit
 .text.FUNCdec2bcd
                0x00003ed0       0x26 Livraria/Src/function.o
                0x00003ed0                FUNCdec2bcd
 .text.FUNCbcd2dec
                0x00003ef6       0x16 Livraria/Src/function.o
                0x00003ef6                FUNCbcd2dec
 .text.FUNCresizestr
                0x00003f0c       0x5a Livraria/Src/function.o
                0x00003f0c                FUNCresizestr
 .text.FUNCtrimmer
                0x00003f66       0x82 Livraria/Src/function.o
                0x00003f66                FUNCtrimmer
 .text.StringLength
                0x00003fe8       0x1e Livraria/Src/function.o
                0x00003fe8                StringLength
 .text.FUNCtrim
                0x00004006       0x36 Livraria/Src/function.o
                0x00004006                FUNCtrim
 .text.Reverse  0x0000403c       0x3a Livraria/Src/function.o
                0x0000403c                Reverse
 .text.FUNCui32toa
                0x00004076       0x94 Livraria/Src/function.o
                0x00004076                FUNCui32toa
 .text.FUNCi32toa
                0x0000410a       0xb6 Livraria/Src/function.o
                0x0000410a                FUNCi32toa
 .text.FUNCi16toa
                0x000041c0       0x72 Livraria/Src/function.o
                0x000041c0                FUNCi16toa
 .text.FUNCui16toa
                0x00004232       0xd4 Livraria/Src/function.o
                0x00004232                FUNCui16toa
 .text.FUNCbcd2bin
                0x00004306       0x16 Livraria/Src/function.o
                0x00004306                FUNCbcd2bin
 .text.FUNCbin2bcd
                0x0000431c       0x42 Livraria/Src/function.o
                0x0000431c                FUNCbin2bcd
 .text.FUNCgcd1
                0x0000435e       0xa0 Livraria/Src/function.o
                0x0000435e                FUNCgcd1
 .text.FUNCprint_binary
                0x000043fe       0x56 Livraria/Src/function.o
                0x000043fe                FUNCprint_binary
 .text.FUNCdectohex
                0x00004454       0xa4 Livraria/Src/function.o
                0x00004454                FUNCdectohex
 .text.FUNCSwapByte
                0x000044f8        0x8 Livraria/Src/function.o
                0x000044f8                FUNCSwapByte
 .text.FUNCstrtovec
                0x00004500       0x18 Livraria/Src/function.o
                0x00004500                FUNCstrtovec
 .text.FUNCprint
                0x00004518       0x36 Livraria/Src/function.o
                0x00004518                FUNCprint
 .text.func_enable
                0x0000454e      0x10e Livraria/Src/function.o
                0x0000454e                func_enable
 .text.func     0x0000465c        0x6 Livraria/Src/function.o
                0x0000465c                func
 .text.FUNCintinvstr
                0x00004662       0x9a Livraria/Src/function.o
                0x00004662                FUNCintinvstr
 .text.function_fPartStr
                0x000046fc       0xa0 Livraria/Src/function.o
                0x000046fc                function_fPartStr
 .text.FUNCftoa
                0x0000479c       0xda Livraria/Src/function.o
                0x0000479c                FUNCftoa
 .text.hc05at_cmd
                0x00004876      0x3d8 Livraria/Src/hc05atcommands.o
                0x00004876                hc05at_cmd
 .text.KEYPAD_flush
                0x00004c4e       0x1a Livraria/Src/keypad.o
                0x00004c4e                KEYPAD_flush
 .text.KEYPAD_getkey
                0x00004c68      0x25a Livraria/Src/keypad.o
                0x00004c68                KEYPAD_getkey
 .text.KEYPAD_read
                0x00004ec2       0x94 Livraria/Src/keypad.o
                0x00004ec2                KEYPAD_read
 .text.keypad_enable
                0x00004f56       0xda Livraria/Src/keypad.o
                0x00004f56                keypad_enable
 .text.keypad   0x00005030        0x6 Livraria/Src/keypad.o
                0x00005030                keypad
 .text.lcd0     0x00005036        0x6 Livraria/Src/lcd.o
                0x00005036                lcd0
 .text.LCD0_strobe
                0x0000503c       0x1e Livraria/Src/lcd.o
                0x0000503c                LCD0_strobe
 .text.LCD0_write
                0x0000505a      0x19c Livraria/Src/lcd.o
                0x0000505a                LCD0_write
 .text.LCD0_clear
                0x000051f6       0x16 Livraria/Src/lcd.o
                0x000051f6                LCD0_clear
 .text.LCD0_read
                0x0000520c      0x10e Livraria/Src/lcd.o
                0x0000520c                LCD0_read
 .text.LCD0_BF  0x0000531a       0x1c Livraria/Src/lcd.o
                0x0000531a                LCD0_BF
 .text.LCD0_putch
                0x00005336        0xa Livraria/Src/lcd.o
                0x00005336                LCD0_putch
 .text.LCD0_string
                0x00005340       0x1c Livraria/Src/lcd.o
                0x00005340                LCD0_string
 .text.LCD0_string_size
                0x0000535c       0x52 Livraria/Src/lcd.o
                0x0000535c                LCD0_string_size
 .text.LCD0_hspace
                0x000053ae       0x14 Livraria/Src/lcd.o
                0x000053ae                LCD0_hspace
 .text.LCD0_gotoxy
                0x000053c2       0x4e Livraria/Src/lcd.o
                0x000053c2                LCD0_gotoxy
 .text.LCD0_inic
                0x00005410       0xd0 Livraria/Src/lcd.o
                0x00005410                LCD0_inic
 .text.lcd0_enable
                0x000054e0       0xb4 Livraria/Src/lcd.o
                0x000054e0                lcd0_enable
 .text.LCD0_reboot
                0x00005594       0x22 Livraria/Src/lcd.o
                0x00005594                LCD0_reboot
 .text.LCD0_getch
                0x000055b6       0x12 Livraria/Src/lcd.o
                0x000055b6                LCD0_getch
 .text.PCF8563RTC_SetTime
                0x000055c8       0x56 Livraria/Src/pcf8563rtc.o
                0x000055c8                PCF8563RTC_SetTime
 .text.PCF8563RTC_SetHour
                0x0000561e       0x3a Livraria/Src/pcf8563rtc.o
                0x0000561e                PCF8563RTC_SetHour
 .text.PCF8563RTC_SetMinute
                0x00005658       0x3a Livraria/Src/pcf8563rtc.o
                0x00005658                PCF8563RTC_SetMinute
 .text.PCF8563RTC_SetSecond
                0x00005692       0x3a Livraria/Src/pcf8563rtc.o
                0x00005692                PCF8563RTC_SetSecond
 .text.PCF8563RTC_SetClkOut
                0x000056cc       0x46 Livraria/Src/pcf8563rtc.o
                0x000056cc                PCF8563RTC_SetClkOut
 .text.PCF8563RTC_SetDate
                0x00005712       0x64 Livraria/Src/pcf8563rtc.o
                0x00005712                PCF8563RTC_SetDate
 .text.PCF8563RTC_SetYear
                0x00005776       0x3a Livraria/Src/pcf8563rtc.o
                0x00005776                PCF8563RTC_SetYear
 .text.PCF8563RTC_SetMonth
                0x000057b0       0x3a Livraria/Src/pcf8563rtc.o
                0x000057b0                PCF8563RTC_SetMonth
 .text.PCF8563RTC_SetWeekday
                0x000057ea       0x3a Livraria/Src/pcf8563rtc.o
                0x000057ea                PCF8563RTC_SetWeekday
 .text.PCF8563RTC_SetDay
                0x00005824       0x3a Livraria/Src/pcf8563rtc.o
                0x00005824                PCF8563RTC_SetDay
 .text.PCF8563RTC_GetTime
                0x0000585e       0x78 Livraria/Src/pcf8563rtc.o
                0x0000585e                PCF8563RTC_GetTime
 .text.PCF8563RTC_GetDate
                0x000058d6       0x88 Livraria/Src/pcf8563rtc.o
                0x000058d6                PCF8563RTC_GetDate
 .text.PCF8563RTC_bcd2dec
                0x0000595e       0x16 Livraria/Src/pcf8563rtc.o
                0x0000595e                PCF8563RTC_bcd2dec
 .text.PCF8563RTC_bintobcd
                0x00005974       0x26 Livraria/Src/pcf8563rtc.o
                0x00005974                PCF8563RTC_bintobcd
 .text.PCF8563RTC_Init
                0x0000599a       0x34 Livraria/Src/pcf8563rtc.o
                0x0000599a                PCF8563RTC_Init
 .text.pcf8563rtc_enable
                0x000059ce       0xc4 Livraria/Src/pcf8563rtc.o
                0x000059ce                pcf8563rtc_enable
 .text.gpwr_handle
                0x00005a92        0x6 Livraria/Src/query.o
                0x00005a92                gpwr_handle
 .text.cpu_handle
                0x00005a98        0x6 Livraria/Src/query.o
                0x00005a98                cpu_handle
 .text.usart0_handle
                0x00005a9e        0x6 Livraria/Src/query.o
                0x00005a9e                usart0_handle
 .text.usart1_handle
                0x00005aa4        0x6 Livraria/Src/query.o
                0x00005aa4                usart1_handle
 .text.getreg   0x00005aaa       0x3a Livraria/Src/query.o
                0x00005aaa                getreg
 .text.setreg   0x00005ae4       0x52 Livraria/Src/query.o
                0x00005ae4                setreg
 .text.writereg
                0x00005b36       0x50 Livraria/Src/query.o
                0x00005b36                writereg
 .text.readhlbyte
                0x00005b86       0x10 Livraria/Src/query.o
                0x00005b86                readhlbyte
 .text.writehlbyte
                0x00005b96        0x2 Livraria/Src/query.o
                0x00005b96                writehlbyte
 .text.BAUDRATEnormal
                0x00005b98       0x1c Livraria/Src/query.o
                0x00005b98                BAUDRATEnormal
 .text.BAUDRATEdouble
                0x00005bb4       0x1c Livraria/Src/query.o
                0x00005bb4                BAUDRATEdouble
 .text.PORTINIT
                0x00005bd0       0x62 main.o
                0x00005bd0                PORTINIT
 .text.main     0x00005c32     0x1fd8 main.o
                0x00005c32                main
 .text.__vector_15
                0x00007c0a       0xf8 main.o
                0x00007c0a                __vector_15
 .text.__vector_9
                0x00007d02       0xac main.o
                0x00007d02                __vector_9
 .text.avr-libc.fplib
                0x00007dae        0xa c:/program files (x86)/atmel/studio/7.0/toolchain/avr8/avr8-gnu-toolchain/bin/../lib/gcc/avr/5.4.0/../../../../avr/lib/avr51\libm.a(addsf3.o)
                0x00007dae                __subsf3
                0x00007db0                __addsf3
 .text.avr-libc.fplib
                0x00007db8       0xc0 c:/program files (x86)/atmel/studio/7.0/toolchain/avr8/avr8-gnu-toolchain/bin/../lib/gcc/avr/5.4.0/../../../../avr/lib/avr51\libm.a(addsf3x.o)
                0x00007dd2                __addsf3x
 .text.avr-libc.fplib
                0x00007e78        0x8 c:/program files (x86)/atmel/studio/7.0/toolchain/avr8/avr8-gnu-toolchain/bin/../lib/gcc/avr/5.4.0/../../../../avr/lib/avr51\libm.a(cmpsf2.o)
                0x00007e78                __nesf2
                0x00007e78                __eqsf2
                0x00007e78                __cmpsf2
                0x00007e78                __ltsf2
                0x00007e78                __lesf2
 .text.avr-libc.fplib
                0x00007e80       0x58 c:/program files (x86)/atmel/studio/7.0/toolchain/avr8/avr8-gnu-toolchain/bin/../lib/gcc/avr/5.4.0/../../../../avr/lib/avr51\libm.a(fixunssfsi.o)
                0x00007e80                __fixunssfsi
 .text.avr-libc.fplib
                0x00007ed8       0x7a c:/program files (x86)/atmel/studio/7.0/toolchain/avr8/avr8-gnu-toolchain/bin/../lib/gcc/avr/5.4.0/../../../../avr/lib/avr51\libm.a(floatsisf.o)
                0x00007ed8                __floatunsisf
                0x00007edc                __floatsisf
 .text.avr-libc.fplib
                0x00007f52       0x48 c:/program files (x86)/atmel/studio/7.0/toolchain/avr8/avr8-gnu-toolchain/bin/../lib/gcc/avr/5.4.0/../../../../avr/lib/avr51\libm.a(fp_cmp.o)
                0x00007f52                __fp_cmp
 .text.avr-libc.fplib
                0x00007f9a        0xc c:/program files (x86)/atmel/studio/7.0/toolchain/avr8/avr8-gnu-toolchain/bin/../lib/gcc/avr/5.4.0/../../../../avr/lib/avr51\libm.a(fp_inf.o)
                0x00007f9a                __fp_inf
 .text.avr-libc.fplib
                0x00007fa6        0x6 c:/program files (x86)/atmel/studio/7.0/toolchain/avr8/avr8-gnu-toolchain/bin/../lib/gcc/avr/5.4.0/../../../../avr/lib/avr51\libm.a(fp_nan.o)
                0x00007fa6                __fp_nan
 .text.avr-libc.fplib
                0x00007fac        0xe c:/program files (x86)/atmel/studio/7.0/toolchain/avr8/avr8-gnu-toolchain/bin/../lib/gcc/avr/5.4.0/../../../../avr/lib/avr51\libm.a(fp_pscA.o)
                0x00007fac                __fp_pscA
 .text.avr-libc.fplib
                0x00007fba        0xe c:/program files (x86)/atmel/studio/7.0/toolchain/avr8/avr8-gnu-toolchain/bin/../lib/gcc/avr/5.4.0/../../../../avr/lib/avr51\libm.a(fp_pscB.o)
                0x00007fba                __fp_pscB
 .text.avr-libc.fplib
                0x00007fc8       0x22 c:/program files (x86)/atmel/studio/7.0/toolchain/avr8/avr8-gnu-toolchain/bin/../lib/gcc/avr/5.4.0/../../../../avr/lib/avr51\libm.a(fp_round.o)
                0x00007fc8                __fp_round
 .text.avr-libc.fplib
                0x00007fea       0x44 c:/program files (x86)/atmel/studio/7.0/toolchain/avr8/avr8-gnu-toolchain/bin/../lib/gcc/avr/5.4.0/../../../../avr/lib/avr51\libm.a(fp_split3.o)
                0x00007fea                __fp_split3
                0x00007ffa                __fp_splitA
 .text.avr-libc.fplib
                0x0000802e        0xe c:/program files (x86)/atmel/studio/7.0/toolchain/avr8/avr8-gnu-toolchain/bin/../lib/gcc/avr/5.4.0/../../../../avr/lib/avr51\libm.a(fp_zero.o)
                0x0000802e                __fp_zero
                0x00008030                __fp_szero
 .text.avr-libc.fplib
                0x0000803c        0x4 c:/program files (x86)/atmel/studio/7.0/toolchain/avr8/avr8-gnu-toolchain/bin/../lib/gcc/avr/5.4.0/../../../../avr/lib/avr51\libm.a(mulsf3.o)
                0x0000803c                __mulsf3
 .text.avr-libc.fplib
                0x00008040       0xc2 c:/program files (x86)/atmel/studio/7.0/toolchain/avr8/avr8-gnu-toolchain/bin/../lib/gcc/avr/5.4.0/../../../../avr/lib/avr51\libm.a(mulsf3x.o)
                0x00008054                __mulsf3x
                0x00008058                __mulsf3_pse
 .text.libgcc.mul
                0x00008102       0x1e c:/program files (x86)/atmel/studio/7.0/toolchain/avr8/avr8-gnu-toolchain/bin/../lib/gcc/avr/5.4.0/avr51\libgcc.a(_mulsi3.o)
                0x00008102                __mulsi3
 .text.libgcc.div
                0x00008120       0x28 c:/program files (x86)/atmel/studio/7.0/toolchain/avr8/avr8-gnu-toolchain/bin/../lib/gcc/avr/5.4.0/avr51\libgcc.a(_udivmodhi4.o)
                0x00008120                __udivmodhi4
 .text.libgcc.div
                0x00008148       0x26 c:/program files (x86)/atmel/studio/7.0/toolchain/avr8/avr8-gnu-toolchain/bin/../lib/gcc/avr/5.4.0/avr51\libgcc.a(_divmodhi4.o)
                0x00008148                _div
                0x00008148                __divmodhi4
 .text.libgcc.div
                0x0000816e       0x44 c:/program files (x86)/atmel/studio/7.0/toolchain/avr8/avr8-gnu-toolchain/bin/../lib/gcc/avr/5.4.0/avr51\libgcc.a(_udivmodsi4.o)
                0x0000816e                __udivmodsi4
 .text.libgcc.div
                0x000081b2       0x28 c:/program files (x86)/atmel/studio/7.0/toolchain/avr8/avr8-gnu-toolchain/bin/../lib/gcc/avr/5.4.0/avr51\libgcc.a(_divmodsi4.o)
                0x000081b2                __divmodsi4
 .text.libgcc.div
                0x000081da       0x10 c:/program files (x86)/atmel/studio/7.0/toolchain/avr8/avr8-gnu-toolchain/bin/../lib/gcc/avr/5.4.0/avr51\libgcc.a(_negsi2.o)
                0x000081da                __negsi2
 .text.libgcc   0x000081ea       0x12 c:/program files (x86)/atmel/studio/7.0/toolchain/avr8/avr8-gnu-toolchain/bin/../lib/gcc/avr/5.4.0/avr51\libgcc.a(_tablejump2.o)
                0x000081ea                __tablejump2__
 .text.libgcc.mul
                0x000081fc       0x1e c:/program files (x86)/atmel/studio/7.0/toolchain/avr8/avr8-gnu-toolchain/bin/../lib/gcc/avr/5.4.0/avr51\libgcc.a(_umulhisi3.o)
                0x000081fc                __umulhisi3
 .text.libgcc.mul
                0x0000821a       0x14 c:/program files (x86)/atmel/studio/7.0/toolchain/avr8/avr8-gnu-toolchain/bin/../lib/gcc/avr/5.4.0/avr51\libgcc.a(_muluhisi3.o)
                0x0000821a                __muluhisi3
 .text.avr-libc
                0x0000822e       0x12 c:/program files (x86)/atmel/studio/7.0/toolchain/avr8/avr8-gnu-toolchain/bin/../lib/gcc/avr/5.4.0/../../../../avr/lib/avr51\libc.a(strcmp.o)
                0x0000822e                strcmp
 .text.avr-libc
                0x00008240        0xe c:/program files (x86)/atmel/studio/7.0/toolchain/avr8/avr8-gnu-toolchain/bin/../lib/gcc/avr/5.4.0/../../../../avr/lib/avr51\libc.a(strcpy.o)
                0x00008240                strcpy
 .text.avr-libc
                0x0000824e       0x1e c:/program files (x86)/atmel/studio/7.0/toolchain/avr8/avr8-gnu-toolchain/bin/../lib/gcc/avr/5.4.0/../../../../avr/lib/avr51\libc.a(strncpy.o)
                0x0000824e                strncpy
 .text.avr-libc
                0x0000826c       0x70 c:/program files (x86)/atmel/studio/7.0/toolchain/avr8/avr8-gnu-toolchain/bin/../lib/gcc/avr/5.4.0/../../../../avr/lib/avr51\libc.a(vsnprintf.o)
                0x0000826c                vsnprintf
 .text.avr-libc
                0x000082dc      0x3fa c:/program files (x86)/atmel/studio/7.0/toolchain/avr8/avr8-gnu-toolchain/bin/../lib/gcc/avr/5.4.0/../../../../avr/lib/avr51\libc.a(vfprintf_std.o)
                0x000082dc                vfprintf
 .text.avr-libc
                0x000086d6       0x16 c:/program files (x86)/atmel/studio/7.0/toolchain/avr8/avr8-gnu-toolchain/bin/../lib/gcc/avr/5.4.0/../../../../avr/lib/avr51\libc.a(strnlen_P.o)
                0x000086d6                strnlen_P
 .text.avr-libc
                0x000086ec       0x16 c:/program files (x86)/atmel/studio/7.0/toolchain/avr8/avr8-gnu-toolchain/bin/../lib/gcc/avr/5.4.0/../../../../avr/lib/avr51\libc.a(strnlen.o)
                0x000086ec                strnlen
 .text.avr-libc
                0x00008702       0x78 c:/program files (x86)/atmel/studio/7.0/toolchain/avr8/avr8-gnu-toolchain/bin/../lib/gcc/avr/5.4.0/../../../../avr/lib/avr51\libc.a(fputc.o)
                0x00008702                fputc
 .text.avr-libc
                0x0000877a       0xbc c:/program files (x86)/atmel/studio/7.0/toolchain/avr8/avr8-gnu-toolchain/bin/../lib/gcc/avr/5.4.0/../../../../avr/lib/avr51\libc.a(ultoa_invert.o)
                0x0000877a                __ultoa_invert
 .text.avr-libc
                0x00008836       0x20 C:/Program Files (x86)/Atmel/Studio/7.0/Packs/atmel/ATmega_DFP/1.3.300/gcc/dev/atmega128/avr51\libatmega128.a(eerd_block.o)
                0x00008836                eeprom_read_block
                0x0000883a                eeprom_read_blraw
 .text.avr-libc
                0x00008856       0x10 C:/Program Files (x86)/Atmel/Studio/7.0/Packs/atmel/ATmega_DFP/1.3.300/gcc/dev/atmega128/avr51\libatmega128.a(eerd_byte.o)
                0x00008856                eeprom_read_byte
 .text.avr-libc
                0x00008866        0xa C:/Program Files (x86)/Atmel/Studio/7.0/Packs/atmel/ATmega_DFP/1.3.300/gcc/dev/atmega128/avr51\libatmega128.a(eerd_word.o)
                0x00008866                eeprom_read_word
 .text.avr-libc
                0x00008870       0x1e C:/Program Files (x86)/Atmel/Studio/7.0/Packs/atmel/ATmega_DFP/1.3.300/gcc/dev/atmega128/avr51\libatmega128.a(eeupd_block.o)
                0x00008870                eeprom_update_block
 .text.avr-libc
                0x0000888e       0x22 C:/Program Files (x86)/Atmel/Studio/7.0/Packs/atmel/ATmega_DFP/1.3.300/gcc/dev/atmega128/avr51\libatmega128.a(eeupd_byte.o)
                0x0000888e                eeprom_update_byte
                0x00008890                eeprom_update_r18
 .text.avr-libc
                0x000088b0       0x10 C:/Program Files (x86)/Atmel/Studio/7.0/Packs/atmel/ATmega_DFP/1.3.300/gcc/dev/atmega128/avr51\libatmega128.a(eeupd_dword.o)
                0x000088b0                eeprom_update_float
                0x000088b0                eeprom_update_dword
 .text.avr-libc
                0x000088c0        0x8 C:/Program Files (x86)/Atmel/Studio/7.0/Packs/atmel/ATmega_DFP/1.3.300/gcc/dev/atmega128/avr51\libatmega128.a(eeupd_word.o)
                0x000088c0                eeprom_update_word
 .text.avr-libc
                0x000088c8       0x12 C:/Program Files (x86)/Atmel/Studio/7.0/Packs/atmel/ATmega_DFP/1.3.300/gcc/dev/atmega128/avr51\libatmega128.a(eewr_block.o)
                0x000088c8                eeprom_write_block
 .text.avr-libc
                0x000088da       0x1a C:/Program Files (x86)/Atmel/Studio/7.0/Packs/atmel/ATmega_DFP/1.3.300/gcc/dev/atmega128/avr51\libatmega128.a(eewr_byte.o)
                0x000088da                eeprom_write_byte
                0x000088dc                eeprom_write_r18
 .text.avr-libc
                0x000088f4        0xa C:/Program Files (x86)/Atmel/Studio/7.0/Packs/atmel/ATmega_DFP/1.3.300/gcc/dev/atmega128/avr51\libatmega128.a(eewr_dword.o)
                0x000088f4                eeprom_write_dword
                0x000088f4                eeprom_write_float
 .text.avr-libc
                0x000088fe        0x6 C:/Program Files (x86)/Atmel/Studio/7.0/Packs/atmel/ATmega_DFP/1.3.300/gcc/dev/atmega128/avr51\libatmega128.a(eewr_word.o)
                0x000088fe                eeprom_write_word
                0x00008904                . = ALIGN (0x2)
 *(.fini9)
 .fini9         0x00008904        0x0 c:/program files (x86)/atmel/studio/7.0/toolchain/avr8/avr8-gnu-toolchain/bin/../lib/gcc/avr/5.4.0/avr51\libgcc.a(_exit.o)
                0x00008904                _exit
                0x00008904                exit
 *(.fini9)
 *(.fini8)
 *(.fini8)
 *(.fini7)
 *(.fini7)
 *(.fini6)
 *(.fini6)
 *(.fini5)
 *(.fini5)
 *(.fini4)
 *(.fini4)
 *(.fini3)
 *(.fini3)
 *(.fini2)
 *(.fini2)
 *(.fini1)
 *(.fini1)
 *(.fini0)
 .fini0         0x00008904        0x4 c:/program files (x86)/atmel/studio/7.0/toolchain/avr8/avr8-gnu-toolchain/bin/../lib/gcc/avr/5.4.0/avr51\libgcc.a(_exit.o)
 *(.fini0)
                0x00008908                _etext = .

.data           0x00800100      0x356 load address 0x00008908
                0x00800100                PROVIDE (__data_start, .)
 *(.data)
 *(.data*)
 .data.keypadvalue
                0x00800100       0x10 Livraria/Src/keypad.o
                0x00800100                keypadvalue
 *(.gnu.linkonce.d*)
 *(.rodata)
 *(.rodata*)
 .rodata.str1.1
                0x00800110        0x2 Livraria/Src/atmega128usart1.o
                                  0x4 (size before relaxing)
 .rodata.str1.1
                0x00800112      0x212 Livraria/Src/hc05atcommands.o
                                0x217 (size before relaxing)
 .rodata.str1.1
                0x00800324      0x131 main.o
                                0x139 (size before relaxing)
 *(.gnu.linkonce.r*)
                0x00800456                . = ALIGN (0x2)
 *fill*         0x00800455        0x1 
                0x00800456                _edata = .
                0x00800456                PROVIDE (__data_end, .)

.bss            0x00800456      0x2f8
                0x00800456                PROVIDE (__bss_start, .)
 *(.bss)
 *(.bss*)
 .bss.adc_n_sample
                0x00800456        0x1 Livraria/Src/atmega128analog.o
 .bss.adc_sample
                0x00800457        0x2 Livraria/Src/atmega128analog.o
 .bss.ADC_SELECTOR
                0x00800459        0x2 Livraria/Src/atmega128analog.o
 .bss.ADC_CHANNEL_GAIN
                0x0080045b       0x40 Livraria/Src/atmega128analog.o
 .bss.ADC_VALUE
                0x0080049b       0x40 Livraria/Src/atmega128analog.o
 .bss.atmega128_adc_handle
                0x008004db        0x2 Livraria/Src/atmega128analog.o
 .bss.atmega128_adc
                0x008004dd        0x6 Livraria/Src/atmega128analog.o
 .bss.atmega128_exint
                0x008004e3        0x8 Livraria/Src/atmega128interrupt.o
 .bss.atmega    0x008004eb       0x6a Livraria/Src/atmega128mapping.o
 .bss.atmega128_spi
                0x00800555        0x6 Livraria/Src/atmega128spi.o
 .bss.atmega128_tc0
                0x0080055b        0x8 Livraria/Src/atmega128timer0.o
 .bss.atmega128_tc1
                0x00800563       0x12 Livraria/Src/atmega128timer1.o
 .bss.atmega128_tc2
                0x00800575        0x8 Livraria/Src/atmega128timer2.o
 .bss.atmega128_tc3
                0x0080057d       0x10 Livraria/Src/atmega128timer3.o
 .bss.atmega128_twi
                0x0080058d        0xc Livraria/Src/atmega128twi.o
 .bss.uart0flag
                0x00800599        0x1 Livraria/Src/atmega128usart0.o
 .bss.atmega128_usart0
                0x0080059a       0x10 Livraria/Src/atmega128usart0.o
 .bss.uart1flag
                0x008005aa        0x1 Livraria/Src/atmega128usart1.o
 .bss.atmega128_usart1
                0x008005ab       0x10 Livraria/Src/atmega128usart1.o
 .bss.atmega128_eeprom
                0x008005bb       0x1e Livraria/Src/atmegaeeprom.o
 .bss.FUNCstr   0x008005d9       0x20 Livraria/Src/function.o
 .bss.setup_func
                0x008005f9       0x3e Livraria/Src/function.o
 .bss.data      0x00800637        0x5 Livraria/Src/keypad.o
 .bss.setup_keypad
                0x0080063c        0x8 Livraria/Src/keypad.o
 .bss.setup_lcd0
                0x00800644       0x16 Livraria/Src/lcd.o
 .bss.uartreceive
                0x0080065a        0x2 main.o
                0x0080065a                uartreceive
 .bss.ptr       0x0080065c        0x2 main.o
                0x0080065c                ptr
 .bss.increment
                0x0080065e        0x1 main.o
                0x0080065e                increment
 .bss.count     0x0080065f        0x1 main.o
                0x0080065f                count
 *(COMMON)
 COMMON         0x00800660        0x4 Livraria/Src/atmega128analog.o
                0x00800660                ADC_N_CHANNEL
                0x00800662                adc_tmp
 COMMON         0x00800664        0x1 Livraria/Src/atmega128timer0.o
                0x00800664                timer0_state
 COMMON         0x00800665        0x1 Livraria/Src/atmega128timer1.o
                0x00800665                timer1_state
 COMMON         0x00800666        0x1 Livraria/Src/atmega128timer2.o
                0x00800666                timer2_state
 COMMON         0x00800667        0x1 Livraria/Src/atmega128timer3.o
                0x00800667                timer3_state
 COMMON         0x00800668       0x2f Livraria/Src/atmega128usart0.o
                0x00800668                UART0_RxBuf
                0x00800689                UART0_Rx
                0x0080068a                rx0buff
                0x00800696                UART0_LastRxError
 COMMON         0x00800697       0x2f Livraria/Src/atmega128usart1.o
                0x00800697                UART1_Rx
                0x00800698                UART1_RxBuf
                0x008006b9                UART1_LastRxError
                0x008006ba                rx1buff
 COMMON         0x008006c6       0x20 Livraria/Src/hc05atcommands.o
                0x008006c6                HC05ATstr
 COMMON         0x008006e6       0x18 Livraria/Src/keypad.o
                0x008006e6                keypad_PORT
                0x008006e8                keypad_dataf
                0x008006ec                keypad_datai
                0x008006f0                KEYPADSTRINGINDEX
                0x008006f1                keypad_PIN
                0x008006f3                endstr
                0x008006f5                keypad_DDR
                0x008006f7                KEYPAD_string
 COMMON         0x008006fe        0xe Livraria/Src/lcd.o
                0x008006fe                lcd0_PIN
                0x00800700                lcd1_DDR
                0x00800702                lcd1_detect
                0x00800703                lcd1_PIN
                0x00800705                lcd0_DDR
                0x00800707                lcd0_detect
                0x00800708                lcd0_PORT
                0x0080070a                lcd1_PORT
 COMMON         0x0080070c        0xc Livraria/Src/pcf8563rtc.o
                0x0080070c                i2c
 COMMON         0x00800718       0x36 main.o
                0x00800718                shift
                0x00800727                counter1
                0x00800729                signal
                0x0080072b                tm
                0x0080072e                rtc
                0x0080074a                dt
                0x0080074e                PROVIDE (__bss_end, .)
                0x00008908                __data_load_start = LOADADDR (.data)
                0x00008c5e                __data_load_end = (__data_load_start + SIZEOF (.data))

.noinit         0x0080074e        0x0
                [!provide]                PROVIDE (__noinit_start, .)
 *(.noinit*)
                [!provide]                PROVIDE (__noinit_end, .)
                0x0080074e                _end = .
                [!provide]                PROVIDE (__heap_start, .)

.eeprom         0x00810000        0x0
 *(.eeprom*)
                0x00810000                __eeprom_end = .

.fuse
 *(.fuse)
 *(.lfuse)
 *(.hfuse)
 *(.efuse)

.lock
 *(.lock*)

.signature
 *(.signature*)

.user_signatures
 *(.user_signatures*)

.stab
 *(.stab)

.stabstr
 *(.stabstr)

.stab.excl
 *(.stab.excl)

.stab.exclstr
 *(.stab.exclstr)

.stab.index
 *(.stab.index)

.stab.indexstr
 *(.stab.indexstr)

.comment        0x00000000       0x5c
 *(.comment)
 .comment       0x00000000       0x30 Livraria/Src/74hc595.o
                                 0x31 (size before relaxing)
 .comment       0x00000030       0x31 Livraria/Src/atmega128analog.o
 .comment       0x00000030       0x31 Livraria/Src/atmega128interrupt.o
 .comment       0x00000030       0x31 Livraria/Src/atmega128mapping.o
 .comment       0x00000030       0x31 Livraria/Src/atmega128spi.o
 .comment       0x00000030       0x31 Livraria/Src/atmega128timer0.o
 .comment       0x00000030       0x31 Livraria/Src/atmega128timer1.o
 .comment       0x00000030       0x31 Livraria/Src/atmega128timer2.o
 .comment       0x00000030       0x31 Livraria/Src/atmega128timer3.o
 .comment       0x00000030       0x31 Livraria/Src/atmega128twi.o
 .comment       0x00000030       0x31 Livraria/Src/atmega128usart0.o
 .comment       0x00000030       0x31 Livraria/Src/atmega128usart1.o
 .comment       0x00000030       0x31 Livraria/Src/atmegaeeprom.o
 .comment       0x00000030       0x31 Livraria/Src/buffer.o
 .comment       0x00000030       0x31 Livraria/Src/function.o
 .comment       0x00000030       0x31 Livraria/Src/hc05atcommands.o
 .comment       0x00000030       0x31 Livraria/Src/keypad.o
 .comment       0x00000030       0x31 Livraria/Src/lcd.o
 .comment       0x00000030       0x31 Livraria/Src/pcf8563rtc.o
 .comment       0x00000030       0x31 Livraria/Src/query.o
 .comment       0x00000030       0x31 main.o
 .comment       0x00000030       0x31 c:/program files (x86)/atmel/studio/7.0/toolchain/avr8/avr8-gnu-toolchain/bin/../lib/gcc/avr/5.4.0/../../../../avr/lib/avr51\libc.a(vsnprintf.o)
 .comment       0x00000030       0x2c c:/program files (x86)/atmel/studio/7.0/toolchain/avr8/avr8-gnu-toolchain/bin/../lib/gcc/avr/5.4.0/../../../../avr/lib/avr51\libc.a(vfprintf_std.o)
                                 0x2d (size before relaxing)
 .comment       0x0000005c       0x31 c:/program files (x86)/atmel/studio/7.0/toolchain/avr8/avr8-gnu-toolchain/bin/../lib/gcc/avr/5.4.0/../../../../avr/lib/avr51\libc.a(fputc.o)

.note.gnu.avr.deviceinfo
                0x00000000       0x3c
 .note.gnu.avr.deviceinfo
                0x00000000       0x3c C:/Program Files (x86)/Atmel/Studio/7.0/Packs/atmel/ATmega_DFP/1.3.300/gcc/dev/atmega128/avr51/crtatmega128.o

.note.gnu.build-id
 *(.note.gnu.build-id)

.debug
 *(.debug)

.line
 *(.line)

.debug_srcinfo
 *(.debug_srcinfo)

.debug_sfnames
 *(.debug_sfnames)

.debug_aranges  0x00000000      0xaa0
 *(.debug_aranges)
 .debug_aranges
                0x00000000       0x48 Livraria/Src/74hc595.o
 .debug_aranges
                0x00000048       0x38 Livraria/Src/atmega128analog.o
 .debug_aranges
                0x00000080       0x48 Livraria/Src/atmega128interrupt.o
 .debug_aranges
                0x000000c8       0x38 Livraria/Src/atmega128mapping.o
 .debug_aranges
                0x00000100       0x48 Livraria/Src/atmega128spi.o
 .debug_aranges
                0x00000148       0x48 Livraria/Src/atmega128timer0.o
 .debug_aranges
                0x00000190       0x68 Livraria/Src/atmega128timer1.o
 .debug_aranges
                0x000001f8       0x48 Livraria/Src/atmega128timer2.o
 .debug_aranges
                0x00000240       0x68 Livraria/Src/atmega128timer3.o
 .debug_aranges
                0x000002a8       0x68 Livraria/Src/atmega128twi.o
 .debug_aranges
                0x00000310       0xc0 Livraria/Src/atmega128usart0.o
 .debug_aranges
                0x000003d0       0xc0 Livraria/Src/atmega128usart1.o
 .debug_aranges
                0x00000490       0x28 Livraria/Src/atmegaeeprom.o
 .debug_aranges
                0x000004b8       0x38 Livraria/Src/buffer.o
 .debug_aranges
                0x000004f0      0x150 Livraria/Src/function.o
 .debug_aranges
                0x00000640       0x20 Livraria/Src/hc05atcommands.o
 .debug_aranges
                0x00000660       0x58 Livraria/Src/keypad.o
 .debug_aranges
                0x000006b8      0x110 Livraria/Src/lcd.o
 .debug_aranges
                0x000007c8       0x98 Livraria/Src/pcf8563rtc.o
 .debug_aranges
                0x00000860       0xa8 Livraria/Src/query.o
 .debug_aranges
                0x00000908       0x38 main.o
 .debug_aranges
                0x00000940       0x20 C:/Program Files (x86)/Atmel/Studio/7.0/Packs/atmel/ATmega_DFP/1.3.300/gcc/dev/atmega128/avr51\libatmega128.a(eerd_block.o)
 .debug_aranges
                0x00000960       0x20 C:/Program Files (x86)/Atmel/Studio/7.0/Packs/atmel/ATmega_DFP/1.3.300/gcc/dev/atmega128/avr51\libatmega128.a(eerd_byte.o)
 .debug_aranges
                0x00000980       0x20 C:/Program Files (x86)/Atmel/Studio/7.0/Packs/atmel/ATmega_DFP/1.3.300/gcc/dev/atmega128/avr51\libatmega128.a(eerd_word.o)
 .debug_aranges
                0x000009a0       0x20 C:/Program Files (x86)/Atmel/Studio/7.0/Packs/atmel/ATmega_DFP/1.3.300/gcc/dev/atmega128/avr51\libatmega128.a(eeupd_block.o)
 .debug_aranges
                0x000009c0       0x20 C:/Program Files (x86)/Atmel/Studio/7.0/Packs/atmel/ATmega_DFP/1.3.300/gcc/dev/atmega128/avr51\libatmega128.a(eeupd_byte.o)
 .debug_aranges
                0x000009e0       0x20 C:/Program Files (x86)/Atmel/Studio/7.0/Packs/atmel/ATmega_DFP/1.3.300/gcc/dev/atmega128/avr51\libatmega128.a(eeupd_dword.o)
 .debug_aranges
                0x00000a00       0x20 C:/Program Files (x86)/Atmel/Studio/7.0/Packs/atmel/ATmega_DFP/1.3.300/gcc/dev/atmega128/avr51\libatmega128.a(eeupd_word.o)
 .debug_aranges
                0x00000a20       0x20 C:/Program Files (x86)/Atmel/Studio/7.0/Packs/atmel/ATmega_DFP/1.3.300/gcc/dev/atmega128/avr51\libatmega128.a(eewr_block.o)
 .debug_aranges
                0x00000a40       0x20 C:/Program Files (x86)/Atmel/Studio/7.0/Packs/atmel/ATmega_DFP/1.3.300/gcc/dev/atmega128/avr51\libatmega128.a(eewr_byte.o)
 .debug_aranges
                0x00000a60       0x20 C:/Program Files (x86)/Atmel/Studio/7.0/Packs/atmel/ATmega_DFP/1.3.300/gcc/dev/atmega128/avr51\libatmega128.a(eewr_dword.o)
 .debug_aranges
                0x00000a80       0x20 C:/Program Files (x86)/Atmel/Studio/7.0/Packs/atmel/ATmega_DFP/1.3.300/gcc/dev/atmega128/avr51\libatmega128.a(eewr_word.o)

.debug_pubnames
 *(.debug_pubnames)

.debug_info     0x00000000    0x12ee4
 *(.debug_info .gnu.linkonce.wi.*)
 .debug_info    0x00000000      0x780 C:/Program Files (x86)/Atmel/Studio/7.0/Packs/atmel/ATmega_DFP/1.3.300/gcc/dev/atmega128/avr51/crtatmega128.o
 .debug_info    0x00000780      0x3c8 Livraria/Src/74hc595.o
 .debug_info    0x00000b48      0x459 Livraria/Src/atmega128analog.o
 .debug_info    0x00000fa1      0x531 Livraria/Src/atmega128interrupt.o
 .debug_info    0x000014d2     0x536d Livraria/Src/atmega128mapping.o
 .debug_info    0x0000683f      0x421 Livraria/Src/atmega128spi.o
 .debug_info    0x00006c60      0x347 Livraria/Src/atmega128timer0.o
 .debug_info    0x00006fa7      0xd41 Livraria/Src/atmega128timer1.o
 .debug_info    0x00007ce8      0x347 Livraria/Src/atmega128timer2.o
 .debug_info    0x0000802f      0x6ea Livraria/Src/atmega128timer3.o
 .debug_info    0x00008719      0x57a Livraria/Src/atmega128twi.o
 .debug_info    0x00008c93      0xfb9 Livraria/Src/atmega128usart0.o
 .debug_info    0x00009c4c      0xf8a Livraria/Src/atmega128usart1.o
 .debug_info    0x0000abd6      0x2ff Livraria/Src/atmegaeeprom.o
 .debug_info    0x0000aed5      0x254 Livraria/Src/buffer.o
 .debug_info    0x0000b129     0x1287 Livraria/Src/function.o
 .debug_info    0x0000c3b0       0xd1 Livraria/Src/hc05atcommands.o
 .debug_info    0x0000c481      0x50f Livraria/Src/keypad.o
 .debug_info    0x0000c990     0x13eb Livraria/Src/lcd.o
 .debug_info    0x0000dd7b      0x97f Livraria/Src/pcf8563rtc.o
 .debug_info    0x0000e6fa     0x16f6 Livraria/Src/query.o
 .debug_info    0x0000fdf0     0x2a4d main.o
 .debug_info    0x0001283d       0x9b C:/Program Files (x86)/Atmel/Studio/7.0/Packs/atmel/ATmega_DFP/1.3.300/gcc/dev/atmega128/avr51\libatmega128.a(eerd_block.o)
 .debug_info    0x000128d8       0x9a C:/Program Files (x86)/Atmel/Studio/7.0/Packs/atmel/ATmega_DFP/1.3.300/gcc/dev/atmega128/avr51\libatmega128.a(eerd_byte.o)
 .debug_info    0x00012972       0x9a C:/Program Files (x86)/Atmel/Studio/7.0/Packs/atmel/ATmega_DFP/1.3.300/gcc/dev/atmega128/avr51\libatmega128.a(eerd_word.o)
 .debug_info    0x00012a0c       0x9c C:/Program Files (x86)/Atmel/Studio/7.0/Packs/atmel/ATmega_DFP/1.3.300/gcc/dev/atmega128/avr51\libatmega128.a(eeupd_block.o)
 .debug_info    0x00012aa8       0x9b C:/Program Files (x86)/Atmel/Studio/7.0/Packs/atmel/ATmega_DFP/1.3.300/gcc/dev/atmega128/avr51\libatmega128.a(eeupd_byte.o)
 .debug_info    0x00012b43       0x9c C:/Program Files (x86)/Atmel/Studio/7.0/Packs/atmel/ATmega_DFP/1.3.300/gcc/dev/atmega128/avr51\libatmega128.a(eeupd_dword.o)
 .debug_info    0x00012bdf       0x9b C:/Program Files (x86)/Atmel/Studio/7.0/Packs/atmel/ATmega_DFP/1.3.300/gcc/dev/atmega128/avr51\libatmega128.a(eeupd_word.o)
 .debug_info    0x00012c7a       0x9b C:/Program Files (x86)/Atmel/Studio/7.0/Packs/atmel/ATmega_DFP/1.3.300/gcc/dev/atmega128/avr51\libatmega128.a(eewr_block.o)
 .debug_info    0x00012d15       0x9a C:/Program Files (x86)/Atmel/Studio/7.0/Packs/atmel/ATmega_DFP/1.3.300/gcc/dev/atmega128/avr51\libatmega128.a(eewr_byte.o)
 .debug_info    0x00012daf       0x9b C:/Program Files (x86)/Atmel/Studio/7.0/Packs/atmel/ATmega_DFP/1.3.300/gcc/dev/atmega128/avr51\libatmega128.a(eewr_dword.o)
 .debug_info    0x00012e4a       0x9a C:/Program Files (x86)/Atmel/Studio/7.0/Packs/atmel/ATmega_DFP/1.3.300/gcc/dev/atmega128/avr51\libatmega128.a(eewr_word.o)

.debug_abbrev   0x00000000     0x2ef0
 *(.debug_abbrev)
 .debug_abbrev  0x00000000      0x718 C:/Program Files (x86)/Atmel/Studio/7.0/Packs/atmel/ATmega_DFP/1.3.300/gcc/dev/atmega128/avr51/crtatmega128.o
 .debug_abbrev  0x00000718      0x15d Livraria/Src/74hc595.o
 .debug_abbrev  0x00000875      0x1c0 Livraria/Src/atmega128analog.o
 .debug_abbrev  0x00000a35      0x18e Livraria/Src/atmega128interrupt.o
 .debug_abbrev  0x00000bc3      0x242 Livraria/Src/atmega128mapping.o
 .debug_abbrev  0x00000e05      0x13c Livraria/Src/atmega128spi.o
 .debug_abbrev  0x00000f41      0x147 Livraria/Src/atmega128timer0.o
 .debug_abbrev  0x00001088      0x22e Livraria/Src/atmega128timer1.o
 .debug_abbrev  0x000012b6      0x147 Livraria/Src/atmega128timer2.o
 .debug_abbrev  0x000013fd      0x194 Livraria/Src/atmega128timer3.o
 .debug_abbrev  0x00001591      0x203 Livraria/Src/atmega128twi.o
 .debug_abbrev  0x00001794      0x336 Livraria/Src/atmega128usart0.o
 .debug_abbrev  0x00001aca      0x345 Livraria/Src/atmega128usart1.o
 .debug_abbrev  0x00001e0f       0xb5 Livraria/Src/atmegaeeprom.o
 .debug_abbrev  0x00001ec4      0x132 Livraria/Src/buffer.o
 .debug_abbrev  0x00001ff6      0x2e3 Livraria/Src/function.o
 .debug_abbrev  0x000022d9       0x90 Livraria/Src/hc05atcommands.o
 .debug_abbrev  0x00002369      0x22f Livraria/Src/keypad.o
 .debug_abbrev  0x00002598      0x2e7 Livraria/Src/lcd.o
 .debug_abbrev  0x0000287f      0x19b Livraria/Src/pcf8563rtc.o
 .debug_abbrev  0x00002a1a      0x1f9 Livraria/Src/query.o
 .debug_abbrev  0x00002c13      0x201 main.o
 .debug_abbrev  0x00002e14       0x14 C:/Program Files (x86)/Atmel/Studio/7.0/Packs/atmel/ATmega_DFP/1.3.300/gcc/dev/atmega128/avr51\libatmega128.a(eerd_block.o)
 .debug_abbrev  0x00002e28       0x14 C:/Program Files (x86)/Atmel/Studio/7.0/Packs/atmel/ATmega_DFP/1.3.300/gcc/dev/atmega128/avr51\libatmega128.a(eerd_byte.o)
 .debug_abbrev  0x00002e3c       0x14 C:/Program Files (x86)/Atmel/Studio/7.0/Packs/atmel/ATmega_DFP/1.3.300/gcc/dev/atmega128/avr51\libatmega128.a(eerd_word.o)
 .debug_abbrev  0x00002e50       0x14 C:/Program Files (x86)/Atmel/Studio/7.0/Packs/atmel/ATmega_DFP/1.3.300/gcc/dev/atmega128/avr51\libatmega128.a(eeupd_block.o)
 .debug_abbrev  0x00002e64       0x14 C:/Program Files (x86)/Atmel/Studio/7.0/Packs/atmel/ATmega_DFP/1.3.300/gcc/dev/atmega128/avr51\libatmega128.a(eeupd_byte.o)
 .debug_abbrev  0x00002e78       0x14 C:/Program Files (x86)/Atmel/Studio/7.0/Packs/atmel/ATmega_DFP/1.3.300/gcc/dev/atmega128/avr51\libatmega128.a(eeupd_dword.o)
 .debug_abbrev  0x00002e8c       0x14 C:/Program Files (x86)/Atmel/Studio/7.0/Packs/atmel/ATmega_DFP/1.3.300/gcc/dev/atmega128/avr51\libatmega128.a(eeupd_word.o)
 .debug_abbrev  0x00002ea0       0x14 C:/Program Files (x86)/Atmel/Studio/7.0/Packs/atmel/ATmega_DFP/1.3.300/gcc/dev/atmega128/avr51\libatmega128.a(eewr_block.o)
 .debug_abbrev  0x00002eb4       0x14 C:/Program Files (x86)/Atmel/Studio/7.0/Packs/atmel/ATmega_DFP/1.3.300/gcc/dev/atmega128/avr51\libatmega128.a(eewr_byte.o)
 .debug_abbrev  0x00002ec8       0x14 C:/Program Files (x86)/Atmel/Studio/7.0/Packs/atmel/ATmega_DFP/1.3.300/gcc/dev/atmega128/avr51\libatmega128.a(eewr_dword.o)
 .debug_abbrev  0x00002edc       0x14 C:/Program Files (x86)/Atmel/Studio/7.0/Packs/atmel/ATmega_DFP/1.3.300/gcc/dev/atmega128/avr51\libatmega128.a(eewr_word.o)

.debug_line     0x00000000     0x6a95
 *(.debug_line .debug_line.* .debug_line_end)
 .debug_line    0x00000000      0x169 C:/Program Files (x86)/Atmel/Studio/7.0/Packs/atmel/ATmega_DFP/1.3.300/gcc/dev/atmega128/avr51/crtatmega128.o
 .debug_line    0x00000169      0x1bf Livraria/Src/74hc595.o
 .debug_line    0x00000328      0x34b Livraria/Src/atmega128analog.o
 .debug_line    0x00000673      0x4db Livraria/Src/atmega128interrupt.o
 .debug_line    0x00000b4e      0x41a Livraria/Src/atmega128mapping.o
 .debug_line    0x00000f68      0x321 Livraria/Src/atmega128spi.o
 .debug_line    0x00001289      0x2bb Livraria/Src/atmega128timer0.o
 .debug_line    0x00001544      0x565 Livraria/Src/atmega128timer1.o
 .debug_line    0x00001aa9      0x2bb Livraria/Src/atmega128timer2.o
 .debug_line    0x00001d64      0x538 Livraria/Src/atmega128timer3.o
 .debug_line    0x0000229c      0x382 Livraria/Src/atmega128twi.o
 .debug_line    0x0000261e      0x536 Livraria/Src/atmega128usart0.o
 .debug_line    0x00002b54      0x552 Livraria/Src/atmega128usart1.o
 .debug_line    0x000030a6      0x1aa Livraria/Src/atmegaeeprom.o
 .debug_line    0x00003250      0x14e Livraria/Src/buffer.o
 .debug_line    0x0000339e      0x9be Livraria/Src/function.o
 .debug_line    0x00003d5c      0x2f6 Livraria/Src/hc05atcommands.o
 .debug_line    0x00004052      0x443 Livraria/Src/keypad.o
 .debug_line    0x00004495      0xdd7 Livraria/Src/lcd.o
 .debug_line    0x0000526c      0x45f Livraria/Src/pcf8563rtc.o
 .debug_line    0x000056cb      0x353 Livraria/Src/query.o
 .debug_line    0x00005a1e      0xade main.o
 .debug_line    0x000064fc       0xab C:/Program Files (x86)/Atmel/Studio/7.0/Packs/atmel/ATmega_DFP/1.3.300/gcc/dev/atmega128/avr51\libatmega128.a(eerd_block.o)
 .debug_line    0x000065a7       0x7a C:/Program Files (x86)/Atmel/Studio/7.0/Packs/atmel/ATmega_DFP/1.3.300/gcc/dev/atmega128/avr51\libatmega128.a(eerd_byte.o)
 .debug_line    0x00006621       0x67 C:/Program Files (x86)/Atmel/Studio/7.0/Packs/atmel/ATmega_DFP/1.3.300/gcc/dev/atmega128/avr51\libatmega128.a(eerd_word.o)
 .debug_line    0x00006688       0xa5 C:/Program Files (x86)/Atmel/Studio/7.0/Packs/atmel/ATmega_DFP/1.3.300/gcc/dev/atmega128/avr51\libatmega128.a(eeupd_block.o)
 .debug_line    0x0000672d       0xb0 C:/Program Files (x86)/Atmel/Studio/7.0/Packs/atmel/ATmega_DFP/1.3.300/gcc/dev/atmega128/avr51\libatmega128.a(eeupd_byte.o)
 .debug_line    0x000067dd       0x7b C:/Program Files (x86)/Atmel/Studio/7.0/Packs/atmel/ATmega_DFP/1.3.300/gcc/dev/atmega128/avr51\libatmega128.a(eeupd_dword.o)
 .debug_line    0x00006858       0x62 C:/Program Files (x86)/Atmel/Studio/7.0/Packs/atmel/ATmega_DFP/1.3.300/gcc/dev/atmega128/avr51\libatmega128.a(eeupd_word.o)
 .debug_line    0x000068ba       0x80 C:/Program Files (x86)/Atmel/Studio/7.0/Packs/atmel/ATmega_DFP/1.3.300/gcc/dev/atmega128/avr51\libatmega128.a(eewr_block.o)
 .debug_line    0x0000693a       0x98 C:/Program Files (x86)/Atmel/Studio/7.0/Packs/atmel/ATmega_DFP/1.3.300/gcc/dev/atmega128/avr51\libatmega128.a(eewr_byte.o)
 .debug_line    0x000069d2       0x68 C:/Program Files (x86)/Atmel/Studio/7.0/Packs/atmel/ATmega_DFP/1.3.300/gcc/dev/atmega128/avr51\libatmega128.a(eewr_dword.o)
 .debug_line    0x00006a3a       0x5b C:/Program Files (x86)/Atmel/Studio/7.0/Packs/atmel/ATmega_DFP/1.3.300/gcc/dev/atmega128/avr51\libatmega128.a(eewr_word.o)

.debug_frame    0x00000000     0x1b10
 *(.debug_frame)
 .debug_frame   0x00000000       0xf4 Livraria/Src/74hc595.o
 .debug_frame   0x000000f4       0xb8 Livraria/Src/atmega128analog.o
 .debug_frame   0x000001ac       0x8c Livraria/Src/atmega128interrupt.o
 .debug_frame   0x00000238       0x94 Livraria/Src/atmega128mapping.o
 .debug_frame   0x000002cc       0xd4 Livraria/Src/atmega128spi.o
 .debug_frame   0x000003a0       0xac Livraria/Src/atmega128timer0.o
 .debug_frame   0x0000044c      0x128 Livraria/Src/atmega128timer1.o
 .debug_frame   0x00000574       0xac Livraria/Src/atmega128timer2.o
 .debug_frame   0x00000620      0x128 Livraria/Src/atmega128timer3.o
 .debug_frame   0x00000748      0x100 Livraria/Src/atmega128twi.o
 .debug_frame   0x00000848      0x2a4 Livraria/Src/atmega128usart0.o
 .debug_frame   0x00000aec      0x29c Livraria/Src/atmega128usart1.o
 .debug_frame   0x00000d88       0x34 Livraria/Src/atmegaeeprom.o
 .debug_frame   0x00000dbc       0x54 Livraria/Src/buffer.o
 .debug_frame   0x00000e10      0x4ec Livraria/Src/function.o
 .debug_frame   0x000012fc       0x24 Livraria/Src/hc05atcommands.o
 .debug_frame   0x00001320       0xb0 Livraria/Src/keypad.o
 .debug_frame   0x000013d0      0x2cc Livraria/Src/lcd.o
 .debug_frame   0x0000169c      0x234 Livraria/Src/pcf8563rtc.o
 .debug_frame   0x000018d0      0x134 Livraria/Src/query.o
 .debug_frame   0x00001a04      0x10c main.o

.debug_str      0x00000000     0x26c4
 *(.debug_str)
 .debug_str     0x00000000      0x27d C:/Program Files (x86)/Atmel/Studio/7.0/Packs/atmel/ATmega_DFP/1.3.300/gcc/dev/atmega128/avr51/crtatmega128.o
 .debug_str     0x0000027d      0x21c Livraria/Src/74hc595.o
                                0x271 (size before relaxing)
 .debug_str     0x00000499      0x1c2 Livraria/Src/atmega128analog.o
                                0x339 (size before relaxing)
 .debug_str     0x0000065b       0x9f Livraria/Src/atmega128interrupt.o
                                0x22c (size before relaxing)
 .debug_str     0x000006fa      0xcb5 Livraria/Src/atmega128mapping.o
                               0x1024 (size before relaxing)
 .debug_str     0x000013af       0xa5 Livraria/Src/atmega128spi.o
                                0x267 (size before relaxing)
 .debug_str     0x00001454       0xae Livraria/Src/atmega128timer0.o
                                0x25e (size before relaxing)
 .debug_str     0x00001502      0x10e Livraria/Src/atmega128timer1.o
                                0x4cd (size before relaxing)
 .debug_str     0x00001610       0x98 Livraria/Src/atmega128timer2.o
                                0x25e (size before relaxing)
 .debug_str     0x000016a8      0x102 Livraria/Src/atmega128timer3.o
                                0x31f (size before relaxing)
 .debug_str     0x000017aa      0x106 Livraria/Src/atmega128twi.o
                                0x2e8 (size before relaxing)
 .debug_str     0x000018b0      0x256 Livraria/Src/atmega128usart0.o
                                0x560 (size before relaxing)
 .debug_str     0x00001b06      0x1a6 Livraria/Src/atmega128usart1.o
                                0x554 (size before relaxing)
 .debug_str     0x00001cac       0x30 Livraria/Src/atmegaeeprom.o
                                0x278 (size before relaxing)
 .debug_str     0x00001cdc       0x53 Livraria/Src/buffer.o
                                0x1f7 (size before relaxing)
 .debug_str     0x00001d2f      0x2ec Livraria/Src/function.o
                                0x5cd (size before relaxing)
 .debug_str     0x0000201b       0x36 Livraria/Src/hc05atcommands.o
                                0x1a3 (size before relaxing)
 .debug_str     0x00002051      0x135 Livraria/Src/keypad.o
                                0x2d1 (size before relaxing)
 .debug_str     0x00002186      0x1f9 Livraria/Src/lcd.o
                                0x40f (size before relaxing)
 .debug_str     0x0000237f      0x209 Livraria/Src/pcf8563rtc.o
                                0x453 (size before relaxing)
 .debug_str     0x00002588       0x79 Livraria/Src/query.o
                                0x5ae (size before relaxing)
 .debug_str     0x00002601       0xc3 main.o
                                0x48b (size before relaxing)

.debug_loc      0x00000000     0x781c
 *(.debug_loc)
 .debug_loc     0x00000000      0x57b Livraria/Src/74hc595.o
 .debug_loc     0x0000057b      0x1ee Livraria/Src/atmega128analog.o
 .debug_loc     0x00000769      0x4bf Livraria/Src/atmega128interrupt.o
 .debug_loc     0x00000c28      0x120 Livraria/Src/atmega128mapping.o
 .debug_loc     0x00000d48      0x384 Livraria/Src/atmega128spi.o
 .debug_loc     0x000010cc      0x1b8 Livraria/Src/atmega128timer0.o
 .debug_loc     0x00001284      0x36d Livraria/Src/atmega128timer1.o
 .debug_loc     0x000015f1      0x1b8 Livraria/Src/atmega128timer2.o
 .debug_loc     0x000017a9      0x36d Livraria/Src/atmega128timer3.o
 .debug_loc     0x00001b16      0x3f9 Livraria/Src/atmega128twi.o
 .debug_loc     0x00001f0f      0x6b4 Livraria/Src/atmega128usart0.o
 .debug_loc     0x000025c3      0x69c Livraria/Src/atmega128usart1.o
 .debug_loc     0x00002c5f      0x103 Livraria/Src/buffer.o
 .debug_loc     0x00002d62     0x1c70 Livraria/Src/function.o
 .debug_loc     0x000049d2       0x33 Livraria/Src/hc05atcommands.o
 .debug_loc     0x00004a05      0x3cb Livraria/Src/keypad.o
 .debug_loc     0x00004dd0     0x111a Livraria/Src/lcd.o
 .debug_loc     0x00005eea      0x83c Livraria/Src/pcf8563rtc.o
 .debug_loc     0x00006726      0x763 Livraria/Src/query.o
 .debug_loc     0x00006e89      0x993 main.o

.debug_macinfo
 *(.debug_macinfo)

.debug_weaknames
 *(.debug_weaknames)

.debug_funcnames
 *(.debug_funcnames)

.debug_typenames
 *(.debug_typenames)

.debug_varnames
 *(.debug_varnames)

.debug_pubtypes
 *(.debug_pubtypes)

.debug_ranges   0x00000000      0x808
 *(.debug_ranges)
 .debug_ranges  0x00000000       0x38 Livraria/Src/74hc595.o
 .debug_ranges  0x00000038       0x28 Livraria/Src/atmega128analog.o
 .debug_ranges  0x00000060       0x38 Livraria/Src/atmega128interrupt.o
 .debug_ranges  0x00000098       0x28 Livraria/Src/atmega128mapping.o
 .debug_ranges  0x000000c0       0x38 Livraria/Src/atmega128spi.o
 .debug_ranges  0x000000f8       0x38 Livraria/Src/atmega128timer0.o
 .debug_ranges  0x00000130       0x58 Livraria/Src/atmega128timer1.o
 .debug_ranges  0x00000188       0x38 Livraria/Src/atmega128timer2.o
 .debug_ranges  0x000001c0       0x58 Livraria/Src/atmega128timer3.o
 .debug_ranges  0x00000218       0x58 Livraria/Src/atmega128twi.o
 .debug_ranges  0x00000270       0xb0 Livraria/Src/atmega128usart0.o
 .debug_ranges  0x00000320       0xc8 Livraria/Src/atmega128usart1.o
 .debug_ranges  0x000003e8       0x18 Livraria/Src/atmegaeeprom.o
 .debug_ranges  0x00000400       0x28 Livraria/Src/buffer.o
 .debug_ranges  0x00000428      0x140 Livraria/Src/function.o
 .debug_ranges  0x00000568       0x10 Livraria/Src/hc05atcommands.o
 .debug_ranges  0x00000578       0x48 Livraria/Src/keypad.o
 .debug_ranges  0x000005c0      0x100 Livraria/Src/lcd.o
 .debug_ranges  0x000006c0       0x88 Livraria/Src/pcf8563rtc.o
 .debug_ranges  0x00000748       0x98 Livraria/Src/query.o
 .debug_ranges  0x000007e0       0x28 main.o

.debug_macro
 *(.debug_macro)
OUTPUT(Atmega128.elf elf32-avr)
LOAD linker stubs
